Component: ARM Compiler 5.06 update 6 (build 750) Tool: armlink [4d35ed]

==============================================================================

Section Cross References

    startup_stm32f103xb.o(STACK) refers (Special) to heapauxi.o(.text) for __use_two_region_memory
    startup_stm32f103xb.o(HEAP) refers (Special) to heapauxi.o(.text) for __use_two_region_memory
    startup_stm32f103xb.o(RESET) refers (Special) to heapauxi.o(.text) for __use_two_region_memory
    startup_stm32f103xb.o(RESET) refers to startup_stm32f103xb.o(STACK) for __initial_sp
    startup_stm32f103xb.o(RESET) refers to startup_stm32f103xb.o(.text) for Reset_Handler
    startup_stm32f103xb.o(RESET) refers to stm32f1xx_it.o(i.NMI_Handler) for NMI_Handler
    startup_stm32f103xb.o(RESET) refers to stm32f1xx_it.o(i.HardFault_Handler) for HardFault_Handler
    startup_stm32f103xb.o(RESET) refers to stm32f1xx_it.o(i.MemManage_Handler) for MemManage_Handler
    startup_stm32f103xb.o(RESET) refers to stm32f1xx_it.o(i.BusFault_Handler) for BusFault_Handler
    startup_stm32f103xb.o(RESET) refers to stm32f1xx_it.o(i.UsageFault_Handler) for UsageFault_Handler
    startup_stm32f103xb.o(RESET) refers to stm32f1xx_it.o(i.SVC_Handler) for SVC_Handler
    startup_stm32f103xb.o(RESET) refers to stm32f1xx_it.o(i.DebugMon_Handler) for DebugMon_Handler
    startup_stm32f103xb.o(RESET) refers to stm32f1xx_it.o(i.PendSV_Handler) for PendSV_Handler
    startup_stm32f103xb.o(RESET) refers to stm32f1xx_it.o(i.SysTick_Handler) for SysTick_Handler
    startup_stm32f103xb.o(RESET) refers to stm32f1xx_it.o(i.USB_LP_CAN1_RX0_IRQHandler) for USB_LP_CAN1_RX0_IRQHandler
    startup_stm32f103xb.o(.text) refers (Special) to heapauxi.o(.text) for __use_two_region_memory
    startup_stm32f103xb.o(.text) refers to system_stm32f1xx.o(i.SystemInit) for SystemInit
    startup_stm32f103xb.o(.text) refers to __main.o(!!!main) for __main
    startup_stm32f103xb.o(.text) refers to startup_stm32f103xb.o(HEAP) for Heap_Mem
    startup_stm32f103xb.o(.text) refers to startup_stm32f103xb.o(STACK) for Stack_Mem
    main.o(i.SystemClock_Config) refers to rt_memclr_w.o(.text) for __aeabi_memclr4
    main.o(i.SystemClock_Config) refers to stm32f1xx_hal_rcc.o(i.HAL_RCC_OscConfig) for HAL_RCC_OscConfig
    main.o(i.SystemClock_Config) refers to main.o(i.Error_Handler) for Error_Handler
    main.o(i.SystemClock_Config) refers to stm32f1xx_hal_rcc.o(i.HAL_RCC_ClockConfig) for HAL_RCC_ClockConfig
    main.o(i.SystemClock_Config) refers to stm32f1xx_hal_rcc_ex.o(i.HAL_RCCEx_PeriphCLKConfig) for HAL_RCCEx_PeriphCLKConfig
    main.o(i.main) refers to stm32f1xx_hal.o(i.HAL_Init) for HAL_Init
    main.o(i.main) refers to main.o(i.SystemClock_Config) for SystemClock_Config
    main.o(i.main) refers to gpio.o(i.MX_GPIO_Init) for MX_GPIO_Init
    main.o(i.main) refers to usb_device.o(i.MX_USB_DEVICE_Init) for MX_USB_DEVICE_Init
    main.o(i.main) refers to ros_main.o(i.setup) for setup
    main.o(i.main) refers to ros_main.o(i.loop) for loop
    gpio.o(i.MX_GPIO_Init) refers to stm32f1xx_hal_gpio.o(i.HAL_GPIO_WritePin) for HAL_GPIO_WritePin
    gpio.o(i.MX_GPIO_Init) refers to stm32f1xx_hal_gpio.o(i.HAL_GPIO_Init) for HAL_GPIO_Init
    usb_device.o(i.MX_USB_DEVICE_Init) refers to usbd_core.o(i.USBD_Init) for USBD_Init
    usb_device.o(i.MX_USB_DEVICE_Init) refers to main.o(i.Error_Handler) for Error_Handler
    usb_device.o(i.MX_USB_DEVICE_Init) refers to usbd_core.o(i.USBD_RegisterClass) for USBD_RegisterClass
    usb_device.o(i.MX_USB_DEVICE_Init) refers to usbd_cdc.o(i.USBD_CDC_RegisterInterface) for USBD_CDC_RegisterInterface
    usb_device.o(i.MX_USB_DEVICE_Init) refers to usbd_core.o(i.USBD_Start) for USBD_Start
    usb_device.o(i.MX_USB_DEVICE_Init) refers to usbd_desc.o(.data) for FS_Desc
    usb_device.o(i.MX_USB_DEVICE_Init) refers to usb_device.o(.bss) for hUsbDeviceFS
    usb_device.o(i.MX_USB_DEVICE_Init) refers to usbd_cdc.o(.data) for USBD_CDC
    usb_device.o(i.MX_USB_DEVICE_Init) refers to usbd_cdc_if.o(.data) for USBD_Interface_fops_FS
    usbd_conf.o(i.HAL_PCD_ConnectCallback) refers to usbd_core.o(i.USBD_LL_DevConnected) for USBD_LL_DevConnected
    usbd_conf.o(i.HAL_PCD_DataInStageCallback) refers to usbd_core.o(i.USBD_LL_DataInStage) for USBD_LL_DataInStage
    usbd_conf.o(i.HAL_PCD_DataOutStageCallback) refers to usbd_core.o(i.USBD_LL_DataOutStage) for USBD_LL_DataOutStage
    usbd_conf.o(i.HAL_PCD_DisconnectCallback) refers to usbd_core.o(i.USBD_LL_DevDisconnected) for USBD_LL_DevDisconnected
    usbd_conf.o(i.HAL_PCD_ISOINIncompleteCallback) refers to usbd_core.o(i.USBD_LL_IsoINIncomplete) for USBD_LL_IsoINIncomplete
    usbd_conf.o(i.HAL_PCD_ISOOUTIncompleteCallback) refers to usbd_core.o(i.USBD_LL_IsoOUTIncomplete) for USBD_LL_IsoOUTIncomplete
    usbd_conf.o(i.HAL_PCD_MspDeInit) refers to stm32f1xx_hal_cortex.o(i.HAL_NVIC_DisableIRQ) for HAL_NVIC_DisableIRQ
[...]
    __rt_lib_init_argv_1                     0x080001ab   Thumb Code     0  libinit2.o(.ARM.Collect$$libinit$$0000002C)
    __rt_lib_init_atexit_1                   0x080001ab   Thumb Code     0  libinit2.o(.ARM.Collect$$libinit$$0000001B)
    __rt_lib_init_clock_1                    0x080001ab   Thumb Code     0  libinit2.o(.ARM.Collect$$libinit$$00000021)
    __rt_lib_init_cpp_2                      0x080001ab   Thumb Code     0  libinit2.o(.ARM.Collect$$libinit$$00000031)
    __rt_lib_init_exceptions_1               0x080001ab   Thumb Code     0  libinit2.o(.ARM.Collect$$libinit$$00000030)
    __rt_lib_init_fp_trap_1                  0x080001ab   Thumb Code     0  libinit2.o(.ARM.Collect$$libinit$$0000001F)
    __rt_lib_init_getenv_1                   0x080001ab   Thumb Code     0  libinit2.o(.ARM.Collect$$libinit$$00000023)
    __rt_lib_init_heap_1                     0x080001ab   Thumb Code     0  libinit2.o(.ARM.Collect$$libinit$$0000000A)
    __rt_lib_init_lc_collate_1               0x080001ab   Thumb Code     0  libinit2.o(.ARM.Collect$$libinit$$00000011)
    __rt_lib_init_lc_ctype_1                 0x080001ab   Thumb Code     0  libinit2.o(.ARM.Collect$$libinit$$00000013)
    __rt_lib_init_lc_monetary_1              0x080001ab   Thumb Code     0  libinit2.o(.ARM.Collect$$libinit$$00000015)
    __rt_lib_init_lc_numeric_1               0x080001ab   Thumb Code     0  libinit2.o(.ARM.Collect$$libinit$$00000017)
    __rt_lib_init_lc_time_1                  0x080001ab   Thumb Code     0  libinit2.o(.ARM.Collect$$libinit$$00000019)
    __rt_lib_init_rand_1                     0x080001ab   Thumb Code     0  libinit2.o(.ARM.Collect$$libinit$$0000000E)
    __rt_lib_init_signal_1                   0x080001ab   Thumb Code     0  libinit2.o(.ARM.Collect$$libinit$$0000001D)
    __rt_lib_init_stdio_1                    0x080001ab   Thumb Code     0  libinit2.o(.ARM.Collect$$libinit$$00000025)
    __rt_lib_init_user_alloc_1               0x080001ab   Thumb Code     0  libinit2.o(.ARM.Collect$$libinit$$0000000C)
    __rt_lib_init_cpp_1                      0x080001af   Thumb Code     0  libinit2.o(.ARM.Collect$$libinit$$00000032)
    __rt_lib_init_return                     0x080001af   Thumb Code     0  libinit2.o(.ARM.Collect$$libinit$$00000033)
    __rt_lib_shutdown                        0x080001b1   Thumb Code     0  libshutdown.o(.ARM.Collect$$libshutdown$$00000000)
    __rt_lib_shutdown_cpp_1                  0x080001b3   Thumb Code     0  libshutdown2.o(.ARM.Collect$$libshutdown$$00000002)
    __rt_lib_shutdown_fp_trap_1              0x080001b3   Thumb Code     0  libshutdown2.o(.ARM.Collect$$libshutdown$$00000007)
    __rt_lib_shutdown_heap_1                 0x080001b3   Thumb Code     0  libshutdown2.o(.ARM.Collect$$libshutdown$$0000000F)
    __rt_lib_shutdown_return                 0x080001b3   Thumb Code     0  libshutdown2.o(.ARM.Collect$$libshutdown$$00000010)
    __rt_lib_shutdown_signal_1               0x080001b3   Thumb Code     0  libshutdown2.o(.ARM.Collect$$libshutdown$$0000000A)
    __rt_lib_shutdown_stdio_1                0x080001b3   Thumb Code     0  libshutdown2.o(.ARM.Collect$$libshutdown$$00000004)
    __rt_lib_shutdown_user_alloc_1           0x080001b3   Thumb Code     0  libshutdown2.o(.ARM.Collect$$libshutdown$$0000000C)
    __rt_entry                               0x080001b5   Thumb Code     0  __rtentry.o(.ARM.Collect$$rtentry$$00000000)
    __rt_entry_presh_1                       0x080001b5   Thumb Code     0  __rtentry2.o(.ARM.Collect$$rtentry$$00000002)
    __rt_entry_sh                            0x080001b5   Thumb Code     0  __rtentry4.o(.ARM.Collect$$rtentry$$00000004)
    __rt_entry_li                            0x080001bb   Thumb Code     0  __rtentry2.o(.ARM.Collect$$rtentry$$0000000A)
    __rt_entry_postsh_1                      0x080001bb   Thumb Code     0  __rtentry2.o(.ARM.Collect$$rtentry$$00000009)
    __rt_entry_main                          0x080001bf   Thumb Code     0  __rtentry2.o(.ARM.Collect$$rtentry$$0000000D)
    __rt_entry_postli_1                      0x080001bf   Thumb Code     0  __rtentry2.o(.ARM.Collect$$rtentry$$0000000C)
    __rt_exit                                0x080001c7   Thumb Code     0  rtexit.o(.ARM.Collect$$rtexit$$00000000)
    __rt_exit_ls                             0x080001c9   Thumb Code     0  rtexit2.o(.ARM.Collect$$rtexit$$00000003)
    __rt_exit_prels_1                        0x080001c9   Thumb Code     0  rtexit2.o(.ARM.Collect$$rtexit$$00000002)
    __rt_exit_exit                           0x080001cd   Thumb Code     0  rtexit2.o(.ARM.Collect$$rtexit$$00000004)
    Reset_Handler                            0x080001d5   Thumb Code     8  startup_stm32f103xb.o(.text)
    _maybe_terminate_alloc                   0x080001d5   Thumb Code     0  maybetermalloc1.o(.emb_text)
    ADC1_2_IRQHandler                        0x080001ef   Thumb Code     0  startup_stm32f103xb.o(.text)
    CAN1_RX1_IRQHandler                      0x080001ef   Thumb Code     0  startup_stm32f103xb.o(.text)
    CAN1_SCE_IRQHandler                      0x080001ef   Thumb Code     0  startup_stm32f103xb.o(.text)
    DMA1_Channel1_IRQHandler                 0x080001ef   Thumb Code     0  startup_stm32f103xb.o(.text)
    DMA1_Channel2_IRQHandler                 0x080001ef   Thumb Code     0  startup_stm32f103xb.o(.text)
    DMA1_Channel3_IRQHandler                 0x080001ef   Thumb Code     0  startup_stm32f103xb.o(.text)
    DMA1_Channel4_IRQHandler                 0x080001ef   Thumb Code     0  startup_stm32f103xb.o(.text)
    DMA1_Channel5_IRQHandler                 0x080001ef   Thumb Code     0  startup_stm32f103xb.o(.text)
    DMA1_Channel6_IRQHandler                 0x080001ef   Thumb Code     0  startup_stm32f103xb.o(.text)
    DMA1_Channel7_IRQHandler                 0x080001ef   Thumb Code     0  startup_stm32f103xb.o(.text)
    EXTI0_IRQHandler                         0x080001ef   Thumb Code     0  startup_stm32f103xb.o(.text)
    EXTI15_10_IRQHandler                     0x080001ef   Thumb Code     0  startup_stm32f103xb.o(.text)
    EXTI1_IRQHandler                         0x080001ef   Thumb Code     0  startup_stm32f103xb.o(.text)
    EXTI2_IRQHandler                         0x080001ef   Thumb Code     0  startup_stm32f103xb.o(.text)
    EXTI3_IRQHandler                         0x080001ef   Thumb Code     0  startup_stm32f103xb.o(.text)
    EXTI4_IRQHandler                         0x080001ef   Thumb Code     0  startup_stm32f103xb.o(.text)
    EXTI9_5_IRQHandler                       0x080001ef   Thumb Code     0  startup_stm32f103xb.o(.text)
    FLASH_IRQHandler                         0x080001ef   Thumb Code     0  startup_stm32f103xb.o(.text)
    I2C1_ER_IRQHandler                       0x080001ef   Thumb Code     0  startup_stm32f103xb.o(.text)
    I2C1_EV_IRQHandler                       0x080001ef   Thumb Code     0  startup_stm32f103xb.o(.text)
    I2C2_ER_IRQHandler                       0x080001ef   Thumb Code     0  startup_stm32f103xb.o(.text)
    I2C2_EV_IRQHandler                       0x080001ef   Thumb Code     0  startup_stm32f103xb.o(.text)
    PVD_IRQHandler                           0x080001ef   Thumb Code     0  startup_stm32f103xb.o(.text)
    RCC_IRQHandler                           0x080001ef   Thumb Code     0  startup_stm32f103xb.o(.text)
    RTC_Alarm_IRQHandler                     0x080001ef   Thumb Code     0  startup_stm32f103xb.o(.text)
    RTC_IRQHandler                           0x080001ef   Thumb Code     0  startup_stm32f103xb.o(.text)
    SPI1_IRQHandler                          0x080001ef   Thumb Code     0  startup_stm32f103xb.o(.text)
    SPI2_IRQHandler                          0x080001ef   Thumb Code     0  startup_stm32f103xb.o(.text)
    TAMPER_IRQHandler                        0x080001ef   Thumb Code     0  startup_stm32f103xb.o(.text)
    TIM1_BRK_IRQHandler                      0x080001ef   Thumb Code     0  startup_stm32f103xb.o(.text)
    TIM1_CC_IRQHandler                       0x080001ef   Thumb Code     0  startup_stm32f103xb.o(.text)
    TIM1_TRG_COM_IRQHandler                  0x080001ef   Thumb Code     0  startup_stm32f103xb.o(.text)
    TIM1_UP_IRQHandler                       0x080001ef   Thumb Code     0  startup_stm32f103xb.o(.text)
    TIM2_IRQHandler                          0x080001ef   Thumb Code     0  startup_stm32f103xb.o(.text)
    TIM3_IRQHandler                          0x080001ef   Thumb Code     0  startup_stm32f103xb.o(.text)
    TIM4_IRQHandler                          0x080001ef   Thumb Code     0  startup_stm32f103xb.o(.text)
    USART1_IRQHandler                        0x080001ef   Thumb Code     0  startup_stm32f103xb.o(.text)
    USART2_IRQHandler                        0x080001ef   Thumb Code     0  startup_stm32f103xb.o(.text)
    USART3_IRQHandler                        0x080001ef   Thumb Code     0  startup_stm32f103xb.o(.text)
    USBWakeUp_IRQHandler                     0x080001ef   Thumb Code     0  startup_stm32f103xb.o(.text)
    USB_HP_CAN1_TX_IRQHandler                0x080001ef   Thumb Code     0  startup_stm32f103xb.o(.text)
    WWDG_IRQHandler                          0x080001ef   Thumb Code     0  startup_stm32f103xb.o(.text)
    __user_initial_stackheap                 0x080001f1   Thumb Code     0  startup_stm32f103xb.o(.text)
    realloc                                  0x08000215   Thumb Code   184  h1_realloc.o(.text)
    strlen                                   0x080002cd   Thumb Code    62  strlen.o(.text)
    __aeabi_memcpy                           0x0800030b   Thumb Code     0  rt_memcpy_v6.o(.text)
    __rt_memcpy                              0x0800030b   Thumb Code   138  rt_memcpy_v6.o(.text)
    _memcpy_lastbytes                        0x08000371   Thumb Code     0  rt_memcpy_v6.o(.text)
    __aeabi_memcpy4                          0x08000395   Thumb Code     0  rt_memcpy_w.o(.text)
    __aeabi_memcpy8                          0x08000395   Thumb Code     0  rt_memcpy_w.o(.text)
    __rt_memcpy_w                            0x08000395   Thumb Code   100  rt_memcpy_w.o(.text)
    _memcpy_lastbytes_aligned                0x080003dd   Thumb Code     0  rt_memcpy_w.o(.text)
    __aeabi_memclr4                          0x080003f9   Thumb Code     0  rt_memclr_w.o(.text)
    __aeabi_memclr8                          0x080003f9   Thumb Code     0  rt_memclr_w.o(.text)
    __rt_memclr_w                            0x080003f9   Thumb Code    78  rt_memclr_w.o(.text)
    _memset_w                                0x080003fd   Thumb Code     0  rt_memclr_w.o(.text)
    __use_two_region_memory                  0x08000447   Thumb Code     2  heapauxi.o(.text)
    __rt_heap_escrow                         0x08000449   Thumb Code     2  heapauxi.o(.text)
    __rt_heap_expand                         0x0800044b   Thumb Code     2  heapauxi.o(.text)
    __cpp_initialize__aeabi_                 0x0800044d   Thumb Code    26  init_aeabi.o(.text)
    __rt_heap_descriptor                     0x08000471   Thumb Code     8  rt_heap_descriptor_intlibspace.o(.text)
    __use_no_heap                            0x08000479   Thumb Code     2  hguard.o(.text)
    __heap$guard                             0x0800047b   Thumb Code     2  hguard.o(.text)
    _terminate_user_alloc                    0x0800047d   Thumb Code     2  init_alloc.o(.text)
    _init_user_alloc                         0x0800047f   Thumb Code     2  init_alloc.o(.text)
    __Heap_Full                              0x08000481   Thumb Code    34  init_alloc.o(.text)
    __Heap_Broken                            0x080004a3   Thumb Code     6  init_alloc.o(.text)
    _init_alloc                              0x080004a9   Thumb Code    94  init_alloc.o(.text)
    malloc                                   0x08000507   Thumb Code    94  h1_alloc.o(.text)
    free                                     0x08000565   Thumb Code    78  h1_free.o(.text)
    __rt_SIGPVFN                             0x080005b3   Thumb Code    14  defsig_pvfn_outer.o(.text)
    __user_libspace                          0x080005c1   Thumb Code     8  libspace.o(.text)
    __user_perproc_libspace                  0x080005c1   Thumb Code     0  libspace.o(.text)
    __user_perthread_libspace                0x080005c1   Thumb Code     0  libspace.o(.text)
    __Heap_Initialize                        0x080005c9   Thumb Code    10  h1_init.o(.text)
    __Heap_DescSize                          0x080005d3   Thumb Code     4  h1_init.o(.text)
    __Heap_ProvideMemory                     0x080005d7   Thumb Code    52  h1_extend.o(.text)
    __sig_exit                               0x0800060b   Thumb Code    10  defsig_exit.o(.text)
    __rt_SIGRTMEM                            0x08000615   Thumb Code    14  defsig_rtmem_outer.o(.text)
    __rt_SIGPVFN_inner                       0x08000625   Thumb Code    14  defsig_pvfn_inner.o(.text)
    _sys_exit                                0x08000655   Thumb Code     8  sys_exit.o(.text)
    __user_setup_stackheap                   0x08000661   Thumb Code    74  sys_stackheap_outer.o(.text)
    exit                                     0x080006ab   Thumb Code    18  exit.o(.text)
    __default_signal_display                 0x080006bd   Thumb Code    50  defsig_general.o(.text)
    __rt_SIGRTMEM_inner                      0x080006f1   Thumb Code    22  defsig_rtmem_inner.o(.text)
    _ttywrch                                 0x08000741   Thumb Code    14  sys_wrch.o(.text)
    __I$use$semihosting                      0x0800074f   Thumb Code     0  use_no_semi.o(.text)
    __use_no_semihosting_swi                 0x0800074f   Thumb Code     2  use_no_semi.o(.text)
    BusFault_Handler                         0x08000751   Thumb Code     4  stm32f1xx_it.o(i.BusFault_Handler)
    __semihosting_library_function           0x08000751   Thumb Code     0  indicate_semi.o(.text)
    CDC_Transmit_FS                          0x08000819   Thumb Code    50  usbd_cdc_if.o(i.CDC_Transmit_FS)
    DebugMon_Handler                         0x08000851   Thumb Code     2  stm32f1xx_it.o(i.DebugMon_Handler)
    Error_Handler                            0x08000853   Thumb Code     2  main.o(i.Error_Handler)
    HAL_Delay                                0x08000889   Thumb Code    36  stm32f1xx_hal.o(i.HAL_Delay)
    HAL_GPIO_Init                            0x080008b1   Thumb Code   766  stm32f1xx_hal_gpio.o(i.HAL_GPIO_Init)
    HAL_GPIO_TogglePin                       0x08000bd1   Thumb Code    14  stm32f1xx_hal_gpio.o(i.HAL_GPIO_TogglePin)
    HAL_GPIO_WritePin                        0x08000bdf   Thumb Code    12  stm32f1xx_hal_gpio.o(i.HAL_GPIO_WritePin)
    HAL_GetTick                              0x08000bed   Thumb Code     6  stm32f1xx_hal.o(i.HAL_GetTick)
    HAL_IncTick                              0x08000bf9   Thumb Code    16  stm32f1xx_hal.o(i.HAL_IncTick)
    HAL_Init                                 0x08000c11   Thumb Code    34  stm32f1xx_hal.o(i.HAL_Init)
    HAL_InitTick                             0x08000c39   Thumb Code    64  stm32f1xx_hal.o(i.HAL_InitTick)
    HAL_MspInit                              0x08000c85   Thumb Code    76  stm32f1xx_hal_msp.o(i.HAL_MspInit)
    HAL_NVIC_EnableIRQ                       0x08000cd9   Thumb Code    32  stm32f1xx_hal_cortex.o(i.HAL_NVIC_EnableIRQ)
    HAL_NVIC_SetPriority                     0x08000cf9   Thumb Code   124  stm32f1xx_hal_cortex.o(i.HAL_NVIC_SetPriority)
    HAL_NVIC_SetPriorityGrouping             0x08000d75   Thumb Code    32  stm32f1xx_hal_cortex.o(i.HAL_NVIC_SetPriorityGrouping)
    HAL_PCDEx_PMAConfig                      0x08000d9d   Thumb Code    60  stm32f1xx_hal_pcd_ex.o(i.HAL_PCDEx_PMAConfig)
    HAL_PCDEx_SetConnectionState             0x08000dd9   Thumb Code     2  usbd_conf.o(i.HAL_PCDEx_SetConnectionState)
    HAL_PCD_DataInStageCallback              0x08000ddb   Thumb Code    28  usbd_conf.o(i.HAL_PCD_DataInStageCallback)
    HAL_PCD_DataOutStageCallback             0x08000df7   Thumb Code    28  usbd_conf.o(i.HAL_PCD_DataOutStageCallback)
    HAL_PCD_EP_Close                         0x08000e13   Thumb Code    98  stm32f1xx_hal_pcd.o(i.HAL_PCD_EP_Close)
    HAL_PCD_EP_ClrStall                      0x08000e75   Thumb Code   116  stm32f1xx_hal_pcd.o(i.HAL_PCD_EP_ClrStall)
    HAL_PCD_EP_GetRxCount                    0x08000ee9   Thumb Code    18  stm32f1xx_hal_pcd.o(i.HAL_PCD_EP_GetRxCount)
    HAL_PCD_EP_Open                          0x08000efb   Thumb Code   132  stm32f1xx_hal_pcd.o(i.HAL_PCD_EP_Open)
    HAL_PCD_EP_Receive                       0x08000f7f   Thumb Code    72  stm32f1xx_hal_pcd.o(i.HAL_PCD_EP_Receive)
    HAL_PCD_EP_SetStall                      0x08000fc7   Thumb Code   128  stm32f1xx_hal_pcd.o(i.HAL_PCD_EP_SetStall)
    HAL_PCD_EP_Transmit                      0x08001047   Thumb Code    74  stm32f1xx_hal_pcd.o(i.HAL_PCD_EP_Transmit)
    HAL_PCD_IRQHandler                       0x08001091   Thumb Code   384  stm32f1xx_hal_pcd.o(i.HAL_PCD_IRQHandler)
    HAL_PCD_Init                             0x08001211   Thumb Code   302  stm32f1xx_hal_pcd.o(i.HAL_PCD_Init)
    HAL_PCD_MspInit                          0x08001341   Thumb Code    58  usbd_conf.o(i.HAL_PCD_MspInit)
    HAL_PCD_ResetCallback                    0x08001385   Thumb Code    36  usbd_conf.o(i.HAL_PCD_ResetCallback)
    HAL_PCD_ResumeCallback                   0x080013a9   Thumb Code    14  usbd_conf.o(i.HAL_PCD_ResumeCallback)
    HAL_PCD_SOFCallback                      0x080013b7   Thumb Code    14  usbd_conf.o(i.HAL_PCD_SOFCallback)
    HAL_PCD_SetAddress                       0x080013c5   Thumb Code    54  stm32f1xx_hal_pcd.o(i.HAL_PCD_SetAddress)
    HAL_PCD_SetupStageCallback               0x080013fb   Thumb Code    18  usbd_conf.o(i.HAL_PCD_SetupStageCallback)
    HAL_PCD_Start                            0x0800140d   Thumb Code    60  stm32f1xx_hal_pcd.o(i.HAL_PCD_Start)
    HAL_PCD_SuspendCallback                  0x08001449   Thumb Code    30  usbd_conf.o(i.HAL_PCD_SuspendCallback)
    HAL_RCCEx_PeriphCLKConfig                0x0800146d   Thumb Code   290  stm32f1xx_hal_rcc_ex.o(i.HAL_RCCEx_PeriphCLKConfig)
    HAL_RCC_ClockConfig                      0x0800159d   Thumb Code   376  stm32f1xx_hal_rcc.o(i.HAL_RCC_ClockConfig)
    HAL_RCC_GetSysClockFreq                  0x08001729   Thumb Code   116  stm32f1xx_hal_rcc.o(i.HAL_RCC_GetSysClockFreq)
    HAL_RCC_OscConfig                        0x080017bd   Thumb Code  1114  stm32f1xx_hal_rcc.o(i.HAL_RCC_OscConfig)
    HAL_SYSTICK_Config                       0x08001c21   Thumb Code    52  stm32f1xx_hal_cortex.o(i.HAL_SYSTICK_Config)
    HardFault_Handler                        0x08001c55   Thumb Code     4  stm32f1xx_it.o(i.HardFault_Handler)
    MX_GPIO_Init                             0x08001c99   Thumb Code   132  gpio.o(i.MX_GPIO_Init)
    MX_USB_DEVICE_Init                       0x08001d25   Thumb Code    60  usb_device.o(i.MX_USB_DEVICE_Init)
    MemManage_Handler                        0x08001d71   Thumb Code     4  stm32f1xx_it.o(i.MemManage_Handler)
    NMI_Handler                              0x08001d75   Thumb Code     2  stm32f1xx_it.o(i.NMI_Handler)
    PendSV_Handler                           0x0800210f   Thumb Code     2  stm32f1xx_it.o(i.PendSV_Handler)
    SVC_Handler                              0x08002139   Thumb Code     2  stm32f1xx_it.o(i.SVC_Handler)
    SysTick_Handler                          0x0800213b   Thumb Code     8  stm32f1xx_it.o(i.SysTick_Handler)
    SystemClock_Config                       0x08002143   Thumb Code   132  main.o(i.SystemClock_Config)
    SystemInit                               0x080021c9   Thumb Code    70  system_stm32f1xx.o(i.SystemInit)
    USBD_CDC_GetDeviceQualifierDescriptor    0x0800234d   Thumb Code    10  usbd_cdc.o(i.USBD_CDC_GetDeviceQualifierDescriptor)
    USBD_CDC_ReceivePacket                   0x08002445   Thumb Code    58  usbd_cdc.o(i.USBD_CDC_ReceivePacket)
    USBD_CDC_RegisterInterface               0x0800247f   Thumb Code    14  usbd_cdc.o(i.USBD_CDC_RegisterInterface)
    USBD_CDC_SetRxBuffer                     0x0800248d   Thumb Code    14  usbd_cdc.o(i.USBD_CDC_SetRxBuffer)
    USBD_CDC_SetTxBuffer                     0x0800249b   Thumb Code    20  usbd_cdc.o(i.USBD_CDC_SetTxBuffer)
    USBD_CDC_TransmitPacket                  0x080025a3   Thumb Code    62  usbd_cdc.o(i.USBD_CDC_TransmitPacket)
    USBD_ClrClassConfig                      0x080025e1   Thumb Code    22  usbd_core.o(i.USBD_ClrClassConfig)
    USBD_CtlContinueRx                       0x08002635   Thumb Code    24  usbd_ioreq.o(i.USBD_CtlContinueRx)
    USBD_CtlContinueSendData                 0x0800264d   Thumb Code    24  usbd_ioreq.o(i.USBD_CtlContinueSendData)
    USBD_CtlError                            0x08002665   Thumb Code    24  usbd_ctlreq.o(i.USBD_CtlError)
    USBD_CtlPrepareRx                        0x0800267d   Thumb Code    40  usbd_ioreq.o(i.USBD_CtlPrepareRx)
    USBD_CtlReceiveStatus                    0x080026a5   Thumb Code    26  usbd_ioreq.o(i.USBD_CtlReceiveStatus)
    USBD_CtlSendData                         0x080026bf   Thumb Code    34  usbd_ioreq.o(i.USBD_CtlSendData)
    USBD_CtlSendStatus                       0x080026e1   Thumb Code    26  usbd_ioreq.o(i.USBD_CtlSendStatus)
    USBD_FS_ConfigStrDescriptor              0x080026fd   Thumb Code    34  usbd_desc.o(i.USBD_FS_ConfigStrDescriptor)
    USBD_FS_DeviceDescriptor                 0x08002731   Thumb Code    10  usbd_desc.o(i.USBD_FS_DeviceDescriptor)
    USBD_FS_InterfaceStrDescriptor           0x08002741   Thumb Code    34  usbd_desc.o(i.USBD_FS_InterfaceStrDescriptor)
    USBD_FS_LangIDStrDescriptor              0x08002779   Thumb Code    10  usbd_desc.o(i.USBD_FS_LangIDStrDescriptor)
    USBD_FS_ManufacturerStrDescriptor        0x08002789   Thumb Code    20  usbd_desc.o(i.USBD_FS_ManufacturerStrDescriptor)
    USBD_FS_ProductStrDescriptor             0x080027a5   Thumb Code    34  usbd_desc.o(i.USBD_FS_ProductStrDescriptor)
    USBD_FS_SerialStrDescriptor              0x080027e5   Thumb Code    18  usbd_desc.o(i.USBD_FS_SerialStrDescriptor)
    USBD_GetString                           0x08002ab5   Thumb Code    82  usbd_ctlreq.o(i.USBD_GetString)
    USBD_Init                                0x08002b33   Thumb Code    50  usbd_core.o(i.USBD_Init)
    USBD_LL_ClearStallEP                     0x08002b65   Thumb Code    38  usbd_conf.o(i.USBD_LL_ClearStallEP)
    USBD_LL_CloseEP                          0x08002b8b   Thumb Code    38  usbd_conf.o(i.USBD_LL_CloseEP)
    USBD_LL_DataInStage                      0x08002bb1   Thumb Code   256  usbd_core.o(i.USBD_LL_DataInStage)
    USBD_LL_DataOutStage                     0x08002cb1   Thumb Code   166  usbd_core.o(i.USBD_LL_DataOutStage)
    USBD_LL_GetRxDataSize                    0x08002d57   Thumb Code    18  usbd_conf.o(i.USBD_LL_GetRxDataSize)
    USBD_LL_Init                             0x08002d69   Thumb Code   124  usbd_conf.o(i.USBD_LL_Init)
    USBD_LL_IsStallEP                        0x08002ded   Thumb Code    48  usbd_conf.o(i.USBD_LL_IsStallEP)
    USBD_LL_OpenEP                           0x08002e1d   Thumb Code    48  usbd_conf.o(i.USBD_LL_OpenEP)
    USBD_LL_PrepareReceive                   0x08002e4d   Thumb Code    48  usbd_conf.o(i.USBD_LL_PrepareReceive)
    USBD_LL_Reset                            0x08002e7d   Thumb Code    92  usbd_core.o(i.USBD_LL_Reset)
    USBD_LL_Resume                           0x08002ed9   Thumb Code    22  usbd_core.o(i.USBD_LL_Resume)
    USBD_LL_SOF                              0x08002eef   Thumb Code    34  usbd_core.o(i.USBD_LL_SOF)
    USBD_LL_SetSpeed                         0x08002f11   Thumb Code     8  usbd_core.o(i.USBD_LL_SetSpeed)
    USBD_LL_SetUSBAddress                    0x08002f19   Thumb Code    38  usbd_conf.o(i.USBD_LL_SetUSBAddress)
    USBD_LL_SetupStage                       0x08002f3f   Thumb Code   110  usbd_core.o(i.USBD_LL_SetupStage)
    USBD_LL_StallEP                          0x08002fad   Thumb Code    38  usbd_conf.o(i.USBD_LL_StallEP)
    USBD_LL_Start                            0x08002fd3   Thumb Code    30  usbd_conf.o(i.USBD_LL_Start)
    USBD_LL_Suspend                          0x08002ff1   Thumb Code    20  usbd_core.o(i.USBD_LL_Suspend)
    USBD_LL_Transmit                         0x08003005   Thumb Code    48  usbd_conf.o(i.USBD_LL_Transmit)
    USBD_ParseSetupRequest                   0x08003035   Thumb Code    40  usbd_ctlreq.o(i.USBD_ParseSetupRequest)
    USBD_RegisterClass                       0x0800305d   Thumb Code    16  usbd_core.o(i.USBD_RegisterClass)
    USBD_RunTestMode                         0x0800306d   Thumb Code     6  usbd_core.o(i.USBD_RunTestMode)
    USBD_SetClassConfig                      0x080030cd   Thumb Code    34  usbd_core.o(i.USBD_SetClassConfig)
    USBD_Start                               0x080031f1   Thumb Code    14  usbd_core.o(i.USBD_Start)
    USBD_StdDevReq                           0x080031ff   Thumb Code   162  usbd_ctlreq.o(i.USBD_StdDevReq)
    USBD_StdEPReq                            0x080032a1   Thumb Code   568  usbd_ctlreq.o(i.USBD_StdEPReq)
    USBD_StdItfReq                           0x080034d9   Thumb Code   126  usbd_ctlreq.o(i.USBD_StdItfReq)
    USBD_static_free                         0x08003557   Thumb Code     2  usbd_conf.o(i.USBD_static_free)
    USBD_static_malloc                       0x08003559   Thumb Code     6  usbd_conf.o(i.USBD_static_malloc)
    USB_ActivateEndpoint                     0x08003565   Thumb Code  1174  stm32f1xx_ll_usb.o(i.USB_ActivateEndpoint)
    USB_CoreInit                             0x080039fb   Thumb Code     8  stm32f1xx_ll_usb.o(i.USB_CoreInit)
    USB_DeactivateEndpoint                   0x08003a03   Thumb Code   636  stm32f1xx_ll_usb.o(i.USB_DeactivateEndpoint)
    USB_DevConnect                           0x08003c7f   Thumb Code     6  stm32f1xx_ll_usb.o(i.USB_DevConnect)
    USB_DevDisconnect                        0x08003c85   Thumb Code     6  stm32f1xx_ll_usb.o(i.USB_DevDisconnect)
    USB_DevInit                              0x08003c8b   Thumb Code    30  stm32f1xx_ll_usb.o(i.USB_DevInit)
    USB_DisableGlobalInt                     0x08003ca9   Thumb Code    20  stm32f1xx_ll_usb.o(i.USB_DisableGlobalInt)
    USB_EP0_OutStart                         0x08003cbd   Thumb Code     6  stm32f1xx_ll_usb.o(i.USB_EP0_OutStart)
    USB_EPClearStall                         0x08003cc3   Thumb Code   218  stm32f1xx_ll_usb.o(i.USB_EPClearStall)
    USB_EPSetStall                           0x08003d9d   Thumb Code    92  stm32f1xx_ll_usb.o(i.USB_EPSetStall)
    USB_EPStartXfer                          0x08003df9   Thumb Code  1108  stm32f1xx_ll_usb.o(i.USB_EPStartXfer)
    USB_EnableGlobalInt                      0x0800424d   Thumb Code    20  stm32f1xx_ll_usb.o(i.USB_EnableGlobalInt)
    USB_LP_CAN1_RX0_IRQHandler               0x08004261   Thumb Code    10  stm32f1xx_it.o(i.USB_LP_CAN1_RX0_IRQHandler)
    USB_ReadInterrupts                       0x08004271   Thumb Code     8  stm32f1xx_ll_usb.o(i.USB_ReadInterrupts)
    USB_ReadPMA                              0x08004279   Thumb Code    74  stm32f1xx_ll_usb.o(i.USB_ReadPMA)
    USB_SetCurrentMode                       0x080042c3   Thumb Code     6  stm32f1xx_ll_usb.o(i.USB_SetCurrentMode)
    USB_SetDevAddress                        0x080042c9   Thumb Code    14  stm32f1xx_ll_usb.o(i.USB_SetDevAddress)
    USB_WritePMA                             0x080042d7   Thumb Code    66  stm32f1xx_ll_usb.o(i.USB_WritePMA)
    UsageFault_Handler                       0x08004319   Thumb Code     4  stm32f1xx_it.o(i.UsageFault_Handler)
    sensor_msgs::Imu::getMD5()               0x0800431d   Thumb Code     6  ros_main.o(i._ZN11sensor_msgs3Imu6getMD5Ev)
    sensor_msgs::Imu::getType()              0x08004329   Thumb Code     6  ros_main.o(i._ZN11sensor_msgs3Imu7getTypeEv)
    sensor_msgs::Imu::Imu()                  0x08004335   Thumb Code   140  ros_main.o(i._ZN11sensor_msgs3ImuC1Ev)
    sensor_msgs::Imu::Imu__sub_object()      0x08004335   Thumb Code     0  ros_main.o(i._ZN11sensor_msgs3ImuC1Ev)
    geometry_msgs::Quaternion::getMD5()      0x080043d1   Thumb Code     6  ros_main.o(i._ZN13geometry_msgs10Quaternion6getMD5Ev)
    geometry_msgs::Quaternion::getType()     0x080043dd   Thumb Code     6  ros_main.o(i._ZN13geometry_msgs10Quaternion7getTypeEv)
    geometry_msgs::Vector3::getMD5()         0x080043e9   Thumb Code     6  ros_main.o(i._ZN13geometry_msgs7Vector36getMD5Ev)
    geometry_msgs::Vector3::getType()        0x080043f5   Thumb Code     6  ros_main.o(i._ZN13geometry_msgs7Vector37getTypeEv)
    geometry_msgs::Vector3::Vector3()        0x08004401   Thumb Code    28  ros_main.o(i._ZN13geometry_msgs7Vector3C1Ev)
    geometry_msgs::Vector3::Vector3__sub_object() 0x08004401   Thumb Code     0  ros_main.o(i._ZN13geometry_msgs7Vector3C1Ev)
    rosserial_msgs::RequestParamResponse::deserialize(unsigned char*) 0x08004421   Thumb Code   388  ros_main.o(i._ZN14rosserial_msgs20RequestParamResponse11deserializeEPh)
    rosserial_msgs::RequestParamResponse::getMD5() 0x080045a5   Thumb Code     6  ros_main.o(i._ZN14rosserial_msgs20RequestParamResponse6getMD5Ev)
    rosserial_msgs::RequestParamResponse::getType() 0x080045b1   Thumb Code     6  ros_main.o(i._ZN14rosserial_msgs20RequestParamResponse7getTypeEv)
    rosserial_msgs::Log::getMD5()            0x080045bd   Thumb Code     6  ros_main.o(i._ZN14rosserial_msgs3Log6getMD5Ev)
    rosserial_msgs::Log::getType()           0x080045c9   Thumb Code     6  ros_main.o(i._ZN14rosserial_msgs3Log7getTypeEv)
    rosserial_msgs::TopicInfo::getMD5()      0x080045d5   Thumb Code     6  ros_main.o(i._ZN14rosserial_msgs9TopicInfo6getMD5Ev)
    rosserial_msgs::TopicInfo::getType()     0x080045e1   Thumb Code     6  ros_main.o(i._ZN14rosserial_msgs9TopicInfo7getTypeEv)
    ros::normalizeSecNSec(unsigned&, unsigned&) 0x080045ed   Thumb Code    30  time.o(i._ZN3ros16normalizeSecNSecERjS0_)
    ros::Msg::serializeAvrFloat64(unsigned char*, float) 0x08004611   Thumb Code   112  ros_main.o(i._ZN3ros3Msg19serializeAvrFloat64EPhf)
    ros::Msg::Msg__sub_object()              0x08004681   Thumb Code     6  ros_main.o(i._ZN3ros3MsgC2Ev)
    ros::Time::Time()                        0x0800468d   Thumb Code     8  ros_main.o(i._ZN3ros4TimeC1Ev)
    ros::Time::Time__sub_object()            0x0800468d   Thumb Code     0  ros_main.o(i._ZN3ros4TimeC1Ev)
    ros::Publisher::publish(const ros::Msg*) 0x08004695   Thumb Code    20  ros_main.o(i._ZN3ros9Publisher7publishEPKNS_3MsgE)
    ros::Publisher::Publisher(const char*, ros::Msg*, int) 0x080046a9   Thumb Code     8  ros_main.o(i._ZN3ros9PublisherC1EPKcPNS_3MsgEi)
    ros::Publisher::Publisher__sub_object(const char*, ros::Msg*, int) 0x080046a9   Thumb Code     0  ros_main.o(i._ZN3ros9PublisherC1EPKcPNS_3MsgEi)
    std_msgs::Time::deserialize(unsigned char*) 0x080046b1   Thumb Code    92  ros_main.o(i._ZN8std_msgs4Time11deserializeEPh)
    std_msgs::Time::getMD5()                 0x0800470d   Thumb Code     6  ros_main.o(i._ZN8std_msgs4Time6getMD5Ev)
    std_msgs::Time::getType()                0x08004719   Thumb Code     6  ros_main.o(i._ZN8std_msgs4Time7getTypeEv)
    std_msgs::Time::Time()                   0x08004725   Thumb Code    28  ros_main.o(i._ZN8std_msgs4TimeC1Ev)
    std_msgs::Time::Time__sub_object()       0x08004725   Thumb Code     0  ros_main.o(i._ZN8std_msgs4TimeC1Ev)
    std_msgs::Header::getMD5()               0x08004745   Thumb Code     6  ros_main.o(i._ZN8std_msgs6Header6getMD5Ev)
    std_msgs::Header::getType()              0x08004751   Thumb Code     6  ros_main.o(i._ZN8std_msgs6Header7getTypeEv)
    std_msgs::String::getMD5()               0x0800475d   Thumb Code     6  ros_main.o(i._ZN8std_msgs6String6getMD5Ev)
    std_msgs::String::getType()              0x08004769   Thumb Code     6  ros_main.o(i._ZN8std_msgs6String7getTypeEv)
    USBSerial::read()                        0x08004775   Thumb Code    30  usbserial.o(i._ZN9USBSerial4readEv)
    USBSerial::begin(unsigned)               0x08004793   Thumb Code    12  usbserial.o(i._ZN9USBSerial5beginEj)
    USBSerial::available()                   0x0800479f   Thumb Code    10  usbserial.o(i._ZN9USBSerial9availableEv)
    USBSerial::USBSerial()                   0x080047a9   Thumb Code    22  usbserial.o(i._ZN9USBSerialC1Ev)
    USBSerial::USBSerial__sub_object()       0x080047a9   Thumb Code     0  usbserial.o(i._ZN9USBSerialC1Ev)
    sensor_msgs::Imu::serialize(unsigned char*) const 0x080047c5   Thumb Code   140  ros_main.o(i._ZNK11sensor_msgs3Imu9serializeEPh)
    geometry_msgs::Quaternion::serialize(unsigned char*) const 0x08004851   Thumb Code    52  ros_main.o(i._ZNK13geometry_msgs10Quaternion9serializeEPh)
    geometry_msgs::Vector3::serialize(unsigned char*) const 0x08004885   Thumb Code    42  ros_main.o(i._ZNK13geometry_msgs7Vector39serializeEPh)
    rosserial_msgs::RequestParamResponse::serialize(unsigned char*) const 0x080048af   Thumb Code   256  ros_main.o(i._ZNK14rosserial_msgs20RequestParamResponse9serializeEPh)
    rosserial_msgs::Log::serialize(unsigned char*) const 0x080049af   Thumb Code    52  ros_main.o(i._ZNK14rosserial_msgs3Log9serializeEPh)
    rosserial_msgs::TopicInfo::serialize(unsigned char*) const 0x080049e3   Thumb Code   154  ros_main.o(i._ZNK14rosserial_msgs9TopicInfo9serializeEPh)
    std_msgs::Time::serialize(unsigned char*) const 0x08004a7d   Thumb Code    68  ros_main.o(i._ZNK8std_msgs4Time9serializeEPh)
    std_msgs::Header::serialize(unsigned char*) const 0x08004ac1   Thumb Code   136  ros_main.o(i._ZNK8std_msgs6Header9serializeEPh)
    std_msgs::String::serialize(unsigned char*) const 0x08004b49   Thumb Code    46  ros_main.o(i._ZNK8std_msgs6String9serializeEPh)
    __cxa_pure_virtual                       0x08004bb1   Thumb Code     6  pure_virt.o(i.__cxa_pure_virtual)
    loop                                     0x08004c2d   Thumb Code    40  ros_main.o(i.loop)
    main                                     0x08004c69   Thumb Code    28  main.o(i.main)
    setup                                    0x08004c85   Thumb Code    84  ros_main.o(i.setup)
    vcp_available                            0x08004ce1   Thumb Code    16  usbd_cdc_if.o(i.vcp_available)
    vcp_read                                 0x08004cf9   Thumb Code    54  usbd_cdc_if.o(i.vcp_read)
    ros::NodeHandle_<STM32Hardware, (int)25, (int)25, (int)1024, (int)1024>::negotiateTopics() 0x08004d3d   Thumb Code   306  ros_main.o(t._ZN3ros11NodeHandle_I13STM32HardwareLi25ELi25ELi1024ELi1024EE15negotiateTopicsEv)
    ros::NodeHandle_<STM32Hardware, (int)25, (int)25, (int)1024, (int)1024>::requestSyncTime() 0x08004e79   Thumb Code    32  ros_main.o(t._ZN3ros11NodeHandle_I13STM32HardwareLi25ELi25ELi1024ELi1024EE15requestSyncTimeEv)
    ros::NodeHandle_<STM32Hardware, (int)25, (int)25, (int)1024, (int)1024>::publish(int, const ros::Msg*) 0x08004e9d   Thumb Code   272  ros_main.o(t._ZN3ros11NodeHandle_I13STM32HardwareLi25ELi25ELi1024ELi1024EE7publishEiPKNS_3MsgE)
    ros::NodeHandle_<STM32Hardware, (int)25, (int)25, (int)1024, (int)1024>::spinOnce() 0x08004fb9   Thumb Code   646  ros_main.o(t._ZN3ros11NodeHandle_I13STM32HardwareLi25ELi25ELi1024ELi1024EE8spinOnceEv)
    ros::NodeHandle_<STM32Hardware, (int)25, (int)25, (int)1024, (int)1024>::syncTime(unsigned char*) 0x08005245   Thumb Code   154  ros_main.o(t._ZN3ros11NodeHandle_I13STM32HardwareLi25ELi25ELi1024ELi1024EE8syncTimeEPh)
    ros::NodeHandle_<STM32Hardware, (int)25, (int)25, (int)1024, (int)1024>::NodeHandle_() 0x080052e9   Thumb Code   188  ros_main.o(t._ZN3ros11NodeHandle_I13STM32HardwareLi25ELi25ELi1024ELi1024EEC1Ev)
    ros::NodeHandle_<STM32Hardware, (int)25, (int)25, (int)1024, (int)1024>::NodeHandle___sub_object() 0x080052e9   Thumb Code     0  ros_main.o(t._ZN3ros11NodeHandle_I13STM32HardwareLi25ELi25ELi1024ELi1024EEC1Ev)
    void ros::Msg::arrToVar<unsigned, unsigned char*>(T1&, T2) 0x080053b5   Thumb Code    32  ros_main.o(t._ZN3ros3Msg8arrToVarIjPhEEvRT_T0_)
    void ros::Msg::varToArr<unsigned char*, unsigned>(T1, T2) 0x080053d5   Thumb Code    22  ros_main.o(t._ZN3ros3Msg8varToArrIPhjEEvT_T0_)
    __fpl_fcmp_Inf                           0x080053eb   Thumb Code    24  fcmpi.o(x$fpl$fcmpinf)
    __aeabi_cfcmple                          0x08005405   Thumb Code     0  fleqf.o(x$fpl$fleqf)
    _fcmple                                  0x08005405   Thumb Code   104  fleqf.o(x$fpl$fleqf)
    __fpl_fcmple_InfNaN                      0x08005457   Thumb Code     0  fleqf.o(x$fpl$fleqf)
    __fpl_fnaninf                            0x0800546d   Thumb Code   140  fnaninf.o(x$fpl$fnaninf)
    AHBPrescTable                            0x080054f8   Data          16  system_stm32f1xx.o(.constdata)
    __I$use$fp                               0x080054f8   Number         0  usenofp.o(x$fpl$usenofp)
    APBPrescTable                            0x08005508   Data           8  system_stm32f1xx.o(.constdata)
    vtable for USBSerial                     0x0800552c   Data          20  usbserial.o(.constdata__ZTV9USBSerial)
    vtable for sensor_msgs::Imu              0x08005540   Data          24  ros_main.o(.constdata__ZTVN11sensor_msgs3ImuE)
    vtable for geometry_msgs::Quaternion     0x08005558   Data          24  ros_main.o(.constdata__ZTVN13geometry_msgs10QuaternionE)
    vtable for geometry_msgs::Vector3        0x08005570   Data          24  ros_main.o(.constdata__ZTVN13geometry_msgs7Vector3E)
    vtable for rosserial_msgs::RequestParamResponse 0x08005588   Data          24  ros_main.o(.constdata__ZTVN14rosserial_msgs20RequestParamResponseE)
    vtable for rosserial_msgs::Log           0x080055a0   Data          24  ros_main.o(.constdata__ZTVN14rosserial_msgs3LogE)
    vtable for rosserial_msgs::TopicInfo     0x080055b8   Data          24  ros_main.o(.constdata__ZTVN14rosserial_msgs9TopicInfoE)
    vtable for ros::NodeHandle_<STM32Hardware, (int)25, (int)25, (int)1024, (int)1024> 0x080055d0   Data          20  ros_main.o(.constdata__ZTVN3ros11NodeHandle_I13STM32HardwareLi25ELi25ELi1024ELi1024EEE)
    vtable for ros::NodeHandleBase_          0x080055e4   Data          20  ros_main.o(.constdata__ZTVN3ros15NodeHandleBase_E)
    vtable for ros::Msg                      0x080055f8   Data          24  ros_main.o(.constdata__ZTVN3ros3MsgE)
    vtable for std_msgs::Time                0x08005610   Data          24  ros_main.o(.constdata__ZTVN8std_msgs4TimeE)
    vtable for std_msgs::Header              0x08005628   Data          24  ros_main.o(.constdata__ZTVN8std_msgs6HeaderE)
    vtable for std_msgs::String              0x08005640   Data          24  ros_main.o(.constdata__ZTVN8std_msgs6StringE)
    sensor_msgs::Imu::getMD5()::string       0x08005658   Data          33  ros_main.o(.constdata__ZZN11sensor_msgs3Imu6getMD5EvEs)
    sensor_msgs::Imu::getType()::string      0x08005679   Data          16  ros_main.o(.constdata__ZZN11sensor_msgs3Imu7getTypeEvEs)
    geometry_msgs::Quaternion::getMD5()::string 0x08005689   Data          33  ros_main.o(.constdata__ZZN13geometry_msgs10Quaternion6getMD5EvEs)
    geometry_msgs::Quaternion::getType()::string 0x080056aa   Data          25  ros_main.o(.constdata__ZZN13geometry_msgs10Quaternion7getTypeEvEs)
    geometry_msgs::Vector3::getMD5()::string 0x080056c3   Data          33  ros_main.o(.constdata__ZZN13geometry_msgs7Vector36getMD5EvEs)
    geometry_msgs::Vector3::getType()::string 0x080056e4   Data          22  ros_main.o(.constdata__ZZN13geometry_msgs7Vector37getTypeEvEs)
    rosserial_msgs::RequestParamResponse::getMD5()::string 0x080056fa   Data          33  ros_main.o(.constdata__ZZN14rosserial_msgs20RequestParamResponse6getMD5EvEs)
    rosserial_msgs::Log::getMD5()::string    0x0800571b   Data          33  ros_main.o(.constdata__ZZN14rosserial_msgs3Log6getMD5EvEs)
    rosserial_msgs::Log::getType()::string   0x0800573c   Data          19  ros_main.o(.constdata__ZZN14rosserial_msgs3Log7getTypeEvEs)
    rosserial_msgs::Log::Log()::string       0x0800574f   Data           1  ros_main.o(.constdata__ZZN14rosserial_msgs3LogC1EvEs)
    rosserial_msgs::TopicInfo::getMD5()::string 0x08005750   Data          33  ros_main.o(.constdata__ZZN14rosserial_msgs9TopicInfo6getMD5EvEs)
    rosserial_msgs::TopicInfo::getType()::string 0x08005771   Data          25  ros_main.o(.constdata__ZZN14rosserial_msgs9TopicInfo7getTypeEvEs)
    rosserial_msgs::TopicInfo::TopicInfo()::string 0x0800578a   Data           1  ros_main.o(.constdata__ZZN14rosserial_msgs9TopicInfoC1EvEs)
    ros::NodeHandle_<STM32Hardware, (int)25, (int)25, (int)1024, (int)1024>::publish(int, const ros::Msg*)::string 0x0800578b   Data          57  ros_main.o(.constdata__ZZN3ros11NodeHandle_I13STM32HardwareLi25ELi25ELi1024ELi1024EE7publishEiPKNS_3MsgEEs)
    std_msgs::Time::getMD5()::string         0x080057c4   Data          33  ros_main.o(.constdata__ZZN8std_msgs4Time6getMD5EvEs)
    std_msgs::Time::getType()::string        0x080057e5   Data          14  ros_main.o(.constdata__ZZN8std_msgs4Time7getTypeEvEs)
    std_msgs::Header::getMD5()::string       0x080057f3   Data          33  ros_main.o(.constdata__ZZN8std_msgs6Header6getMD5EvEs)
    std_msgs::Header::getType()::string      0x08005814   Data          16  ros_main.o(.constdata__ZZN8std_msgs6Header7getTypeEvEs)
    std_msgs::Header::Header()::string       0x08005824   Data           1  ros_main.o(.constdata__ZZN8std_msgs6HeaderC1EvEs)
    std_msgs::String::getMD5()::string       0x08005825   Data          33  ros_main.o(.constdata__ZZN8std_msgs6String6getMD5EvEs)
    std_msgs::String::getType()::string      0x08005846   Data          16  ros_main.o(.constdata__ZZN8std_msgs6String7getTypeEvEs)
    std_msgs::String::String()::string       0x08005856   Data           1  ros_main.o(.constdata__ZZN8std_msgs6StringC1EvEs)
    Region$$Table$$Base                      0x08005858   Number         0  anon$$obj.o(Region$$Table)
    Region$$Table$$Limit                     0x08005878   Number         0  anon$$obj.o(Region$$Table)
    SHT$$INIT_ARRAY$$Base                    0x08005878   Number         0  ros_main.o(.init_array)
    SHT$$INIT_ARRAY$$Limit                   0x08005880   Number         0  init_aeabi.o(.init_array)
    FS_Desc                                  0x20000000   Data          28  usbd_desc.o(.data)
    USBD_FS_DeviceDesc                       0x2000001c   Data          18  usbd_desc.o(.data)
    USBD_LangIDDesc                          0x20000030   Data           4  usbd_desc.o(.data)
    USBD_StringSerial                        0x20000034   Data          26  usbd_desc.o(.data)
    UserTxBufPtrIn                           0x20000050   Data           4  usbd_cdc_if.o(.data)
    UserTxBufPtrOut                          0x20000054   Data           4  usbd_cdc_if.o(.data)
    usb_rxBufPtrIn                           0x20000058   Data           4  usbd_cdc_if.o(.data)
    usb_rxBufPtrOut                          0x2000005c   Data           4  usbd_cdc_if.o(.data)
    USBD_Interface_fops_FS                   0x20000060   Data          16  usbd_cdc_if.o(.data)
    uwTick                                   0x20000070   Data           4  stm32f1xx_hal.o(.data)
    uwTickPrio                               0x20000074   Data           4  stm32f1xx_hal.o(.data)
    uwTickFreq                               0x20000078   Data           1  stm32f1xx_hal.o(.data)
    SystemCoreClock                          0x2000007c   Data           4  system_stm32f1xx.o(.data)
    USBD_CDC                                 0x20000090   Data          56  usbd_cdc.o(.data)
    USBD_CDC_CfgHSDesc                       0x200000c8   Data          67  usbd_cdc.o(.data)
    USBD_CDC_CfgFSDesc                       0x2000010c   Data          67  usbd_cdc.o(.data)
    USBD_CDC_OtherSpeedCfgDesc               0x20000150   Data          67  usbd_cdc.o(.data)
    t                                        0x20000194   Data           4  ros_main.o(.data)
    str_msg                                  0x20000198   Data           8  ros_main.o(.data)
    hello                                    0x200001a0   Data          13  ros_main.o(.data)
    acc                                      0x200001ae   Data           6  ros_main.o(.data)
    gyro                                     0x200001b4   Data           6  ros_main.o(.data)
    hUsbDeviceFS                             0x200001bc   Data         708  usb_device.o(.bss)
    hpcd_USB_FS                              0x20000480   Data         620  usbd_conf.o(.bss)
    USBD_StrDesc                             0x2000090c   Data         512  usbd_desc.o(.bss)
    UserRxBufferFS                           0x20000b0c   Data        1000  usbd_cdc_if.o(.bss)
    UserTxBufferFS                           0x20000ef4   Data        1000  usbd_cdc_if.o(.bss)
    usb_rxBuffer                             0x200012dc   Data        2048  usbd_cdc_if.o(.bss)
    nh                                       0x20001bdc   Data        2352  ros_main.o(.bss)
    tTime                                    0x2000250c   Data          40  ros_main.o(.bss)
    chatter                                  0x20002534   Data          20  ros_main.o(.bss)
    imu_msg                                  0x20002548   Data         184  ros_main.o(.bss)
    imu_pub                                  0x20002600   Data          20  ros_main.o(.bss)
    Serial0                                  0x20002614   Data          24  usbserial.o(.bss)
    __libspace_start                         0x2000262c   Data          96  libspace.o(.bss)
    __temporary_stack_top$libspace           0x2000268c   Data           0  libspace.o(.bss)



==============================================================================

Memory Map of the image

  Image Entry point : 0x080000ed

  Load Region LR_IROM1 (Base: 0x08000000, Size: 0x00005a3c, Max: 0x00010000, ABSOLUTE, COMPRESSED[0x0000595c])

    Execution Region ER_IROM1 (Exec base: 0x08000000, Load base: 0x08000000, Size: 0x00005880, Max: 0x00010000, ABSOLUTE)

    Exec Addr    Load Addr    Size         Type   Attr      Idx    E Section Name        Object

    0x08000000   0x08000000   0x000000ec   Data   RO            3    RESET               startup_stm32f103xb.o
    0x080000ec   0x080000ec   0x00000008   Code   RO         3655  * !!!main             c_w.l(__main.o)
    0x080000f4   0x080000f4   0x00000034   Code   RO         4223    !!!scatter          c_w.l(__scatter.o)
    0x08000128   0x08000128   0x0000005a   Code   RO         4221    !!dczerorl2         c_w.l(__dczerorl2.o)
    0x08000182   0x08000182   0x00000002   PAD
    0x08000184   0x08000184   0x0000001c   Code   RO         4225    !!handler_zi        c_w.l(__scatter_zi.o)
    0x080001a0   0x080001a0   0x00000002   Code   RO         4149    .ARM.Collect$$libinit$$00000000  c_w.l(libinit.o)
    0x080001a2   0x080001a2   0x00000000   Code   RO         3926    .ARM.Collect$$libinit$$00000002  c_w.l(libinit2.o)
    0x080001a2   0x080001a2   0x00000000   Code   RO         3928    .ARM.Collect$$libinit$$00000004  c_w.l(libinit2.o)
    0x080001a2   0x080001a2   0x00000008   Code   RO         3929    .ARM.Collect$$libinit$$00000005  c_w.l(libinit2.o)
    0x080001aa   0x080001aa   0x00000000   Code   RO         3931    .ARM.Collect$$libinit$$0000000A  c_w.l(libinit2.o)
    0x080001aa   0x080001aa   0x00000000   Code   RO         3933    .ARM.Collect$$libinit$$0000000C  c_w.l(libinit2.o)
    0x080001aa   0x080001aa   0x00000000   Code   RO         3935    .ARM.Collect$$libinit$$0000000E  c_w.l(libinit2.o)
    0x080001aa   0x080001aa   0x00000000   Code   RO         3938    .ARM.Collect$$libinit$$00000011  c_w.l(libinit2.o)
    0x080001aa   0x080001aa   0x00000000   Code   RO         3940    .ARM.Collect$$libinit$$00000013  c_w.l(libinit2.o)
    0x080001aa   0x080001aa   0x00000000   Code   RO         3942    .ARM.Collect$$libinit$$00000015  c_w.l(libinit2.o)
    0x080001aa   0x080001aa   0x00000000   Code   RO         3944    .ARM.Collect$$libinit$$00000017  c_w.l(libinit2.o)
    0x080001aa   0x080001aa   0x00000000   Code   RO         3946    .ARM.Collect$$libinit$$00000019  c_w.l(libinit2.o)
    0x080001aa   0x080001aa   0x00000000   Code   RO         3948    .ARM.Collect$$libinit$$0000001B  c_w.l(libinit2.o)
    0x080001aa   0x080001aa   0x00000000   Code   RO         3950    .ARM.Collect$$libinit$$0000001D  c_w.l(libinit2.o)
    0x080001aa   0x080001aa   0x00000000   Code   RO         3952    .ARM.Collect$$libinit$$0000001F  c_w.l(libinit2.o)
    0x080001aa   0x080001aa   0x00000000   Code   RO         3954    .ARM.Collect$$libinit$$00000021  c_w.l(libinit2.o)
    0x080001aa   0x080001aa   0x00000000   Code   RO         3956    .ARM.Collect$$libinit$$00000023  c_w.l(libinit2.o)
    0x080001aa   0x080001aa   0x00000000   Code   RO         3958    .ARM.Collect$$libinit$$00000025  c_w.l(libinit2.o)
    0x080001aa   0x080001aa   0x00000000   Code   RO         3962    .ARM.Collect$$libinit$$0000002C  c_w.l(libinit2.o)
    0x080001aa   0x080001aa   0x00000000   Code   RO         3964    .ARM.Collect$$libinit$$0000002E  c_w.l(libinit2.o)
    0x080001aa   0x080001aa   0x00000000   Code   RO         3966    .ARM.Collect$$libinit$$00000030  c_w.l(libinit2.o)
    0x080001aa   0x080001aa   0x00000004   Code   RO         3967    .ARM.Collect$$libinit$$00000031  c_w.l(libinit2.o)
    0x080001ae   0x080001ae   0x00000000   Code   RO         3968    .ARM.Collect$$libinit$$00000032  c_w.l(libinit2.o)
    0x080001ae   0x080001ae   0x00000002   Code   RO         3969    .ARM.Collect$$libinit$$00000033  c_w.l(libinit2.o)
    0x080001b0   0x080001b0   0x00000002   Code   RO         4218    .ARM.Collect$$libshutdown$$00000000  c_w.l(libshutdown.o)
    0x080001b2   0x080001b2   0x00000000   Code   RO         4180    .ARM.Collect$$libshutdown$$00000002  c_w.l(libshutdown2.o)
    0x080001b2   0x080001b2   0x00000000   Code   RO         4182    .ARM.Collect$$libshutdown$$00000004  c_w.l(libshutdown2.o)
    0x080001b2   0x080001b2   0x00000000   Code   RO         4185    .ARM.Collect$$libshutdown$$00000007  c_w.l(libshutdown2.o)
    0x080001b2   0x080001b2   0x00000000   Code   RO         4188    .ARM.Collect$$libshutdown$$0000000A  c_w.l(libshutdown2.o)
    0x080001b2   0x080001b2   0x00000000   Code   RO         4190    .ARM.Collect$$libshutdown$$0000000C  c_w.l(libshutdown2.o)
    0x080001b2   0x080001b2   0x00000000   Code   RO         4193    .ARM.Collect$$libshutdown$$0000000F  c_w.l(libshutdown2.o)
    0x080001b2   0x080001b2   0x00000002   Code   RO         4194    .ARM.Collect$$libshutdown$$00000010  c_w.l(libshutdown2.o)
    0x080001b4   0x080001b4   0x00000000   Code   RO         3794    .ARM.Collect$$rtentry$$00000000  c_w.l(__rtentry.o)
    0x080001b4   0x080001b4   0x00000000   Code   RO         4004    .ARM.Collect$$rtentry$$00000002  c_w.l(__rtentry2.o)
    0x080001b4   0x080001b4   0x00000006   Code   RO         4016    .ARM.Collect$$rtentry$$00000004  c_w.l(__rtentry4.o)
    0x080001ba   0x080001ba   0x00000000   Code   RO         4006    .ARM.Collect$$rtentry$$00000009  c_w.l(__rtentry2.o)
    0x080001ba   0x080001ba   0x00000004   Code   RO         4007    .ARM.Collect$$rtentry$$0000000A  c_w.l(__rtentry2.o)
    0x080001be   0x080001be   0x00000000   Code   RO         4009    .ARM.Collect$$rtentry$$0000000C  c_w.l(__rtentry2.o)
    0x080001be   0x080001be   0x00000008   Code   RO         4010    .ARM.Collect$$rtentry$$0000000D  c_w.l(__rtentry2.o)
    0x080001c6   0x080001c6   0x00000002   Code   RO         4162    .ARM.Collect$$rtexit$$00000000  c_w.l(rtexit.o)
    0x080001c8   0x080001c8   0x00000000   Code   RO         4196    .ARM.Collect$$rtexit$$00000002  c_w.l(rtexit2.o)
    0x080001c8   0x080001c8   0x00000004   Code   RO         4197    .ARM.Collect$$rtexit$$00000003  c_w.l(rtexit2.o)
    0x080001cc   0x080001cc   0x00000006   Code   RO         4198    .ARM.Collect$$rtexit$$00000004  c_w.l(rtexit2.o)
    0x080001d2   0x080001d2   0x00000002   PAD
    0x080001d4   0x080001d4   0x00000000   Code   RO         4020    .emb_text           c_w.l(maybetermalloc1.o)
    0x080001d4   0x080001d4   0x00000040   Code   RO            4    .text               startup_stm32f103xb.o
    0x08000214   0x08000214   0x000000b8   Code   RO         3587    .text               c_w.l(h1_realloc.o)
    0x080002cc   0x080002cc   0x0000003e   Code   RO         3645    .text               c_w.l(strlen.o)
    0x0800030a   0x0800030a   0x0000008a   Code   RO         3647    .text               c_w.l(rt_memcpy_v6.o)
    0x08000394   0x08000394   0x00000064   Code   RO         3649    .text               c_w.l(rt_memcpy_w.o)
    0x080003f8   0x080003f8   0x0000004e   Code   RO         3651    .text               c_w.l(rt_memclr_w.o)
    0x08000446   0x08000446   0x00000006   Code   RO         3653    .text               c_w.l(heapauxi.o)
    0x0800044c   0x0800044c   0x00000024   Code   RO         3660    .text               c_w.l(init_aeabi.o)
    0x08000470   0x08000470   0x00000008   Code   RO         3798    .text               c_w.l(rt_heap_descriptor_intlibspace.o)
    0x08000478   0x08000478   0x00000004   Code   RO         3800    .text               c_w.l(hguard.o)
    0x0800047c   0x0800047c   0x0000008a   Code   RO         3802    .text               c_w.l(init_alloc.o)
    0x08000506   0x08000506   0x0000005e   Code   RO         3810    .text               c_w.l(h1_alloc.o)
    0x08000564   0x08000564   0x0000004e   Code   RO         3812    .text               c_w.l(h1_free.o)
    0x080005b2   0x080005b2   0x0000000e   Code   RO         3921    .text               c_w.l(defsig_pvfn_outer.o)
    0x080005c0   0x080005c0   0x00000008   Code   RO         4000    .text               c_w.l(libspace.o)
    0x080005c8   0x080005c8   0x0000000e   Code   RO         4022    .text               c_w.l(h1_init.o)
    0x080005d6   0x080005d6   0x00000034   Code   RO         4024    .text               c_w.l(h1_extend.o)
    0x0800060a   0x0800060a   0x0000000a   Code   RO         4048    .text               c_w.l(defsig_exit.o)
    0x08000614   0x08000614   0x0000000e   Code   RO         4050    .text               c_w.l(defsig_rtmem_outer.o)
    0x08000622   0x08000622   0x00000002   PAD
    0x08000624   0x08000624   0x00000030   Code   RO         4054    .text               c_w.l(defsig_pvfn_inner.o)
    0x08000654   0x08000654   0x0000000c   Code   RO         4080    .text               c_w.l(sys_exit.o)
    0x08000660   0x08000660   0x0000004a   Code   RO         4082    .text               c_w.l(sys_stackheap_outer.o)
    0x080006aa   0x080006aa   0x00000012   Code   RO         4130    .text               c_w.l(exit.o)
    0x080006bc   0x080006bc   0x00000032   Code   RO         4136    .text               c_w.l(defsig_general.o)
    0x080006ee   0x080006ee   0x00000002   PAD
    0x080006f0   0x080006f0   0x00000050   Code   RO         4138    .text               c_w.l(defsig_rtmem_inner.o)
    0x08000740   0x08000740   0x0000000e   Code   RO         4157    .text               c_w.l(sys_wrch.o)
    0x0800074e   0x0800074e   0x00000002   Code   RO         4159    .text               c_w.l(use_no_semi.o)
    0x08000750   0x08000750   0x00000000   Code   RO         4161    .text               c_w.l(indicate_semi.o)
    0x08000750   0x08000750   0x00000004   Code   RO          651    i.BusFault_Handler  stm32f1xx_it.o
    0x08000754   0x08000754   0x00000044   Code   RO          568    i.CDC_Control_FS    usbd_cdc_if.o
    0x08000798   0x08000798   0x00000004   Code   RO          569    i.CDC_DeInit_FS     usbd_cdc_if.o
    0x0800079c   0x0800079c   0x00000024   Code   RO          570    i.CDC_Init_FS       usbd_cdc_if.o
    0x080007c0   0x080007c0   0x00000058   Code   RO          571    i.CDC_Receive_FS    usbd_cdc_if.o
    0x08000818   0x08000818   0x00000038   Code   RO          572    i.CDC_Transmit_FS   usbd_cdc_if.o
    0x08000850   0x08000850   0x00000002   Code   RO          652    i.DebugMon_Handler  stm32f1xx_it.o
    0x08000852   0x08000852   0x00000002   Code   RO           13    i.Error_Handler     main.o
    0x08000854   0x08000854   0x00000034   Code   RO          478    i.Get_SerialNum     usbd_desc.o
    0x08000888   0x08000888   0x00000028   Code   RO         1255    i.HAL_Delay         stm32f1xx_hal.o
    0x080008b0   0x080008b0   0x00000320   Code   RO         1568    i.HAL_GPIO_Init     stm32f1xx_hal_gpio.o
    0x08000bd0   0x08000bd0   0x0000000e   Code   RO         1571    i.HAL_GPIO_TogglePin  stm32f1xx_hal_gpio.o
    0x08000bde   0x08000bde   0x0000000c   Code   RO         1572    i.HAL_GPIO_WritePin  stm32f1xx_hal_gpio.o
    0x08000bea   0x08000bea   0x00000002   PAD
    0x08000bec   0x08000bec   0x0000000c   Code   RO         1259    i.HAL_GetTick       stm32f1xx_hal.o
    0x08000bf8   0x08000bf8   0x00000018   Code   RO         1265    i.HAL_IncTick       stm32f1xx_hal.o
    0x08000c10   0x08000c10   0x00000028   Code   RO         1266    i.HAL_Init          stm32f1xx_hal.o
    0x08000c38   0x08000c38   0x0000004c   Code   RO         1267    i.HAL_InitTick      stm32f1xx_hal.o
    0x08000c84   0x08000c84   0x00000054   Code   RO          733    i.HAL_MspInit       stm32f1xx_hal_msp.o
    0x08000cd8   0x08000cd8   0x00000020   Code   RO         1728    i.HAL_NVIC_EnableIRQ  stm32f1xx_hal_cortex.o
    0x08000cf8   0x08000cf8   0x0000007c   Code   RO         1734    i.HAL_NVIC_SetPriority  stm32f1xx_hal_cortex.o
    0x08000d74   0x08000d74   0x00000028   Code   RO         1735    i.HAL_NVIC_SetPriorityGrouping  stm32f1xx_hal_cortex.o
    0x08000d9c   0x08000d9c   0x0000003c   Code   RO         1010    i.HAL_PCDEx_PMAConfig  stm32f1xx_hal_pcd_ex.o
    0x08000dd8   0x08000dd8   0x00000002   Code   RO          262    i.HAL_PCDEx_SetConnectionState  usbd_conf.o
    0x08000dda   0x08000dda   0x0000001c   Code   RO          264    i.HAL_PCD_DataInStageCallback  usbd_conf.o
    0x08000df6   0x08000df6   0x0000001c   Code   RO          265    i.HAL_PCD_DataOutStageCallback  usbd_conf.o
    0x08000e12   0x08000e12   0x00000062   Code   RO          802    i.HAL_PCD_EP_Close  stm32f1xx_hal_pcd.o
    0x08000e74   0x08000e74   0x00000074   Code   RO          803    i.HAL_PCD_EP_ClrStall  stm32f1xx_hal_pcd.o
    0x08000ee8   0x08000ee8   0x00000012   Code   RO          805    i.HAL_PCD_EP_GetRxCount  stm32f1xx_hal_pcd.o
    0x08000efa   0x08000efa   0x00000084   Code   RO          806    i.HAL_PCD_EP_Open   stm32f1xx_hal_pcd.o
    0x08000f7e   0x08000f7e   0x00000048   Code   RO          807    i.HAL_PCD_EP_Receive  stm32f1xx_hal_pcd.o
    0x08000fc6   0x08000fc6   0x00000080   Code   RO          808    i.HAL_PCD_EP_SetStall  stm32f1xx_hal_pcd.o
    0x08001046   0x08001046   0x0000004a   Code   RO          809    i.HAL_PCD_EP_Transmit  stm32f1xx_hal_pcd.o
    0x08001090   0x08001090   0x00000180   Code   RO          811    i.HAL_PCD_IRQHandler  stm32f1xx_hal_pcd.o
    0x08001210   0x08001210   0x0000012e   Code   RO          814    i.HAL_PCD_Init      stm32f1xx_hal_pcd.o
    0x0800133e   0x0800133e   0x00000002   PAD
    0x08001340   0x08001340   0x00000044   Code   RO          270    i.HAL_PCD_MspInit   usbd_conf.o
    0x08001384   0x08001384   0x00000024   Code   RO          271    i.HAL_PCD_ResetCallback  usbd_conf.o
    0x080013a8   0x080013a8   0x0000000e   Code   RO          272    i.HAL_PCD_ResumeCallback  usbd_conf.o
    0x080013b6   0x080013b6   0x0000000e   Code   RO          273    i.HAL_PCD_SOFCallback  usbd_conf.o
    0x080013c4   0x080013c4   0x00000036   Code   RO          820    i.HAL_PCD_SetAddress  stm32f1xx_hal_pcd.o
    0x080013fa   0x080013fa   0x00000012   Code   RO          274    i.HAL_PCD_SetupStageCallback  usbd_conf.o
    0x0800140c   0x0800140c   0x0000003c   Code   RO          822    i.HAL_PCD_Start     stm32f1xx_hal_pcd.o
    0x08001448   0x08001448   0x00000024   Code   RO          275    i.HAL_PCD_SuspendCallback  usbd_conf.o
    0x0800146c   0x0800146c   0x00000130   Code   RO         1531    i.HAL_RCCEx_PeriphCLKConfig  stm32f1xx_hal_rcc_ex.o
    0x0800159c   0x0800159c   0x0000018c   Code   RO         1423    i.HAL_RCC_ClockConfig  stm32f1xx_hal_rcc.o
    0x08001728   0x08001728   0x00000094   Code   RO         1432    i.HAL_RCC_GetSysClockFreq  stm32f1xx_hal_rcc.o
    0x080017bc   0x080017bc   0x00000464   Code   RO         1435    i.HAL_RCC_OscConfig  stm32f1xx_hal_rcc.o
    0x08001c20   0x08001c20   0x00000034   Code   RO         1739    i.HAL_SYSTICK_Config  stm32f1xx_hal_cortex.o
    0x08001c54   0x08001c54   0x00000004   Code   RO          653    i.HardFault_Handler  stm32f1xx_it.o
    0x08001c58   0x08001c58   0x0000003e   Code   RO          479    i.IntToUnicode      usbd_desc.o
    0x08001c96   0x08001c96   0x00000002   PAD
    0x08001c98   0x08001c98   0x0000008c   Code   RO          159    i.MX_GPIO_Init      gpio.o
    0x08001d24   0x08001d24   0x0000004c   Code   RO          210    i.MX_USB_DEVICE_Init  usb_device.o
    0x08001d70   0x08001d70   0x00000004   Code   RO          654    i.MemManage_Handler  stm32f1xx_it.o
    0x08001d74   0x08001d74   0x00000002   Code   RO          655    i.NMI_Handler       stm32f1xx_it.o
    0x08001d76   0x08001d76   0x00000398   Code   RO          825    i.PCD_EP_ISR_Handler  stm32f1xx_hal_pcd.o
    0x0800210e   0x0800210e   0x00000002   Code   RO          656    i.PendSV_Handler    stm32f1xx_it.o
    0x08002110   0x08002110   0x00000028   Code   RO         1436    i.RCC_Delay         stm32f1xx_hal_rcc.o
    0x08002138   0x08002138   0x00000002   Code   RO          657    i.SVC_Handler       stm32f1xx_it.o
    0x0800213a   0x0800213a   0x00000008   Code   RO          658    i.SysTick_Handler   stm32f1xx_it.o
    0x08002142   0x08002142   0x00000084   Code   RO           14    i.SystemClock_Config  main.o
    0x080021c6   0x080021c6   0x00000002   PAD
    0x080021c8   0x080021c8   0x00000058   Code   RO         2291    i.SystemInit        system_stm32f1xx.o
    0x08002220   0x08002220   0x00000076   Code   RO         2632    i.USBD_CDC_DataIn   usbd_cdc.o
    0x08002296   0x08002296   0x00000034   Code   RO         2633    i.USBD_CDC_DataOut  usbd_cdc.o
    0x080022ca   0x080022ca   0x0000004e   Code   RO         2634    i.USBD_CDC_DeInit   usbd_cdc.o
    0x08002318   0x08002318   0x00000032   Code   RO         2635    i.USBD_CDC_EP0_RxReady  usbd_cdc.o
    0x0800234a   0x0800234a   0x00000002   PAD
    0x0800234c   0x0800234c   0x00000010   Code   RO         2636    i.USBD_CDC_GetDeviceQualifierDescriptor  usbd_cdc.o
    0x0800235c   0x0800235c   0x00000010   Code   RO         2637    i.USBD_CDC_GetFSCfgDesc  usbd_cdc.o
    0x0800236c   0x0800236c   0x00000010   Code   RO         2638    i.USBD_CDC_GetHSCfgDesc  usbd_cdc.o
    0x0800237c   0x0800237c   0x00000010   Code   RO         2639    i.USBD_CDC_GetOtherSpeedCfgDesc  usbd_cdc.o
    0x0800238c   0x0800238c   0x000000b8   Code   RO         2640    i.USBD_CDC_Init     usbd_cdc.o
    0x08002444   0x08002444   0x0000003a   Code   RO         2641    i.USBD_CDC_ReceivePacket  usbd_cdc.o
    0x0800247e   0x0800247e   0x0000000e   Code   RO         2642    i.USBD_CDC_RegisterInterface  usbd_cdc.o
    0x0800248c   0x0800248c   0x0000000e   Code   RO         2643    i.USBD_CDC_SetRxBuffer  usbd_cdc.o
    0x0800249a   0x0800249a   0x00000014   Code   RO         2644    i.USBD_CDC_SetTxBuffer  usbd_cdc.o
    0x080024ae   0x080024ae   0x000000f4   Code   RO         2645    i.USBD_CDC_Setup    usbd_cdc.o
    0x080025a2   0x080025a2   0x0000003e   Code   RO         2646    i.USBD_CDC_TransmitPacket  usbd_cdc.o
    0x080025e0   0x080025e0   0x00000016   Code   RO         2327    i.USBD_ClrClassConfig  usbd_core.o
    0x080025f6   0x080025f6   0x0000003e   Code   RO         2469    i.USBD_ClrFeature   usbd_ctlreq.o
    0x08002634   0x08002634   0x00000018   Code   RO         2568    i.USBD_CtlContinueRx  usbd_ioreq.o
    0x0800264c   0x0800264c   0x00000018   Code   RO         2569    i.USBD_CtlContinueSendData  usbd_ioreq.o
    0x08002664   0x08002664   0x00000018   Code   RO         2470    i.USBD_CtlError     usbd_ctlreq.o
    0x0800267c   0x0800267c   0x00000028   Code   RO         2570    i.USBD_CtlPrepareRx  usbd_ioreq.o
    0x080026a4   0x080026a4   0x0000001a   Code   RO         2571    i.USBD_CtlReceiveStatus  usbd_ioreq.o
    0x080026be   0x080026be   0x00000022   Code   RO         2572    i.USBD_CtlSendData  usbd_ioreq.o
    0x080026e0   0x080026e0   0x0000001a   Code   RO         2573    i.USBD_CtlSendStatus  usbd_ioreq.o
    0x080026fa   0x080026fa   0x00000002   PAD
    0x080026fc   0x080026fc   0x00000034   Code   RO          480    i.USBD_FS_ConfigStrDescriptor  usbd_desc.o
    0x08002730   0x08002730   0x00000010   Code   RO          481    i.USBD_FS_DeviceDescriptor  usbd_desc.o
    0x08002740   0x08002740   0x00000038   Code   RO          482    i.USBD_FS_InterfaceStrDescriptor  usbd_desc.o
    0x08002778   0x08002778   0x00000010   Code   RO          483    i.USBD_FS_LangIDStrDescriptor  usbd_desc.o
    0x08002788   0x08002788   0x0000001c   Code   RO          484    i.USBD_FS_ManufacturerStrDescriptor  usbd_desc.o
    0x080027a4   0x080027a4   0x00000040   Code   RO          485    i.USBD_FS_ProductStrDescriptor  usbd_desc.o
    0x080027e4   0x080027e4   0x00000018   Code   RO          486    i.USBD_FS_SerialStrDescriptor  usbd_desc.o
    0x080027fc   0x080027fc   0x00000056   Code   RO         2471    i.USBD_GetConfig    usbd_ctlreq.o
    0x08002852   0x08002852   0x000001f4   Code   RO         2472    i.USBD_GetDescriptor  usbd_ctlreq.o
    0x08002a46   0x08002a46   0x00000014   Code   RO         2473    i.USBD_GetLen       usbd_ctlreq.o
    0x08002a5a   0x08002a5a   0x0000005a   Code   RO         2474    i.USBD_GetStatus    usbd_ctlreq.o
    0x08002ab4   0x08002ab4   0x00000052   Code   RO         2475    i.USBD_GetString    usbd_ctlreq.o
    0x08002b06   0x08002b06   0x0000002c   Code   RO          276    i.USBD_Get_USB_Status  usbd_conf.o
    0x08002b32   0x08002b32   0x00000032   Code   RO         2329    i.USBD_Init         usbd_core.o
    0x08002b64   0x08002b64   0x00000026   Code   RO          277    i.USBD_LL_ClearStallEP  usbd_conf.o
    0x08002b8a   0x08002b8a   0x00000026   Code   RO          278    i.USBD_LL_CloseEP   usbd_conf.o
    0x08002bb0   0x08002bb0   0x00000100   Code   RO         2330    i.USBD_LL_DataInStage  usbd_core.o
    0x08002cb0   0x08002cb0   0x000000a6   Code   RO         2331    i.USBD_LL_DataOutStage  usbd_core.o
    0x08002d56   0x08002d56   0x00000012   Code   RO          282    i.USBD_LL_GetRxDataSize  usbd_conf.o
    0x08002d68   0x08002d68   0x00000084   Code   RO          283    i.USBD_LL_Init      usbd_conf.o
    0x08002dec   0x08002dec   0x00000030   Code   RO          284    i.USBD_LL_IsStallEP  usbd_conf.o
    0x08002e1c   0x08002e1c   0x00000030   Code   RO          285    i.USBD_LL_OpenEP    usbd_conf.o
    0x08002e4c   0x08002e4c   0x00000030   Code   RO          286    i.USBD_LL_PrepareReceive  usbd_conf.o
    0x08002e7c   0x08002e7c   0x0000005c   Code   RO         2336    i.USBD_LL_Reset     usbd_core.o
    0x08002ed8   0x08002ed8   0x00000016   Code   RO         2337    i.USBD_LL_Resume    usbd_core.o
    0x08002eee   0x08002eee   0x00000022   Code   RO         2338    i.USBD_LL_SOF       usbd_core.o
    0x08002f10   0x08002f10   0x00000008   Code   RO         2339    i.USBD_LL_SetSpeed  usbd_core.o
    0x08002f18   0x08002f18   0x00000026   Code   RO          287    i.USBD_LL_SetUSBAddress  usbd_conf.o
    0x08002f3e   0x08002f3e   0x0000006e   Code   RO         2340    i.USBD_LL_SetupStage  usbd_core.o
    0x08002fac   0x08002fac   0x00000026   Code   RO          288    i.USBD_LL_StallEP   usbd_conf.o
    0x08002fd2   0x08002fd2   0x0000001e   Code   RO          289    i.USBD_LL_Start     usbd_conf.o
    0x08002ff0   0x08002ff0   0x00000014   Code   RO         2341    i.USBD_LL_Suspend   usbd_core.o
    0x08003004   0x08003004   0x00000030   Code   RO          291    i.USBD_LL_Transmit  usbd_conf.o
    0x08003034   0x08003034   0x00000028   Code   RO         2476    i.USBD_ParseSetupRequest  usbd_ctlreq.o
    0x0800305c   0x0800305c   0x00000010   Code   RO         2342    i.USBD_RegisterClass  usbd_core.o
    0x0800306c   0x0800306c   0x00000006   Code   RO         2343    i.USBD_RunTestMode  usbd_core.o
    0x08003072   0x08003072   0x0000005a   Code   RO         2477    i.USBD_SetAddress   usbd_ctlreq.o
    0x080030cc   0x080030cc   0x00000022   Code   RO         2344    i.USBD_SetClassConfig  usbd_core.o
    0x080030ee   0x080030ee   0x00000002   PAD
    0x080030f0   0x080030f0   0x000000e8   Code   RO         2478    i.USBD_SetConfig    usbd_ctlreq.o
    0x080031d8   0x080031d8   0x00000018   Code   RO         2479    i.USBD_SetFeature   usbd_ctlreq.o
    0x080031f0   0x080031f0   0x0000000e   Code   RO         2345    i.USBD_Start        usbd_core.o
    0x080031fe   0x080031fe   0x000000a2   Code   RO         2480    i.USBD_StdDevReq    usbd_ctlreq.o
    0x080032a0   0x080032a0   0x00000238   Code   RO         2481    i.USBD_StdEPReq     usbd_ctlreq.o
    0x080034d8   0x080034d8   0x0000007e   Code   RO         2482    i.USBD_StdItfReq    usbd_ctlreq.o
    0x08003556   0x08003556   0x00000002   Code   RO          292    i.USBD_static_free  usbd_conf.o
    0x08003558   0x08003558   0x0000000c   Code   RO          293    i.USBD_static_malloc  usbd_conf.o
    0x08003564   0x08003564   0x00000496   Code   RO         1050    i.USB_ActivateEndpoint  stm32f1xx_ll_usb.o
    0x080039fa   0x080039fa   0x00000008   Code   RO         1053    i.USB_CoreInit      stm32f1xx_ll_usb.o
    0x08003a02   0x08003a02   0x0000027c   Code   RO         1055    i.USB_DeactivateEndpoint  stm32f1xx_ll_usb.o
    0x08003c7e   0x08003c7e   0x00000006   Code   RO         1056    i.USB_DevConnect    stm32f1xx_ll_usb.o
    0x08003c84   0x08003c84   0x00000006   Code   RO         1057    i.USB_DevDisconnect  stm32f1xx_ll_usb.o
    0x08003c8a   0x08003c8a   0x0000001e   Code   RO         1058    i.USB_DevInit       stm32f1xx_ll_usb.o
    0x08003ca8   0x08003ca8   0x00000014   Code   RO         1059    i.USB_DisableGlobalInt  stm32f1xx_ll_usb.o
    0x08003cbc   0x08003cbc   0x00000006   Code   RO         1060    i.USB_EP0_OutStart  stm32f1xx_ll_usb.o
    0x08003cc2   0x08003cc2   0x000000da   Code   RO         1061    i.USB_EPClearStall  stm32f1xx_ll_usb.o
    0x08003d9c   0x08003d9c   0x0000005c   Code   RO         1062    i.USB_EPSetStall    stm32f1xx_ll_usb.o
    0x08003df8   0x08003df8   0x00000454   Code   RO         1063    i.USB_EPStartXfer   stm32f1xx_ll_usb.o
    0x0800424c   0x0800424c   0x00000014   Code   RO         1064    i.USB_EnableGlobalInt  stm32f1xx_ll_usb.o
    0x08004260   0x08004260   0x00000010   Code   RO          659    i.USB_LP_CAN1_RX0_IRQHandler  stm32f1xx_it.o
    0x08004270   0x08004270   0x00000008   Code   RO         1071    i.USB_ReadInterrupts  stm32f1xx_ll_usb.o
    0x08004278   0x08004278   0x0000004a   Code   RO         1072    i.USB_ReadPMA       stm32f1xx_ll_usb.o
    0x080042c2   0x080042c2   0x00000006   Code   RO         1074    i.USB_SetCurrentMode  stm32f1xx_ll_usb.o
    0x080042c8   0x080042c8   0x0000000e   Code   RO         1075    i.USB_SetDevAddress  stm32f1xx_ll_usb.o
    0x080042d6   0x080042d6   0x00000042   Code   RO         1078    i.USB_WritePMA      stm32f1xx_ll_usb.o
    0x08004318   0x08004318   0x00000004   Code   RO          660    i.UsageFault_Handler  stm32f1xx_it.o
    0x0800431c   0x0800431c   0x0000000c   Code   RO         3219    i._ZN11sensor_msgs3Imu6getMD5Ev  ros_main.o
    0x08004328   0x08004328   0x0000000c   Code   RO         3213    i._ZN11sensor_msgs3Imu7getTypeEv  ros_main.o
    0x08004334   0x08004334   0x0000009c   Code   RO         3018    i._ZN11sensor_msgs3ImuC1Ev  ros_main.o
    0x080043d0   0x080043d0   0x0000000c   Code   RO         3183    i._ZN13geometry_msgs10Quaternion6getMD5Ev  ros_main.o
    0x080043dc   0x080043dc   0x0000000c   Code   RO         3177    i._ZN13geometry_msgs10Quaternion7getTypeEv  ros_main.o
    0x080043e8   0x080043e8   0x0000000c   Code   RO         3195    i._ZN13geometry_msgs7Vector36getMD5Ev  ros_main.o
    0x080043f4   0x080043f4   0x0000000c   Code   RO         3189    i._ZN13geometry_msgs7Vector37getTypeEv  ros_main.o
    0x08004400   0x08004400   0x00000020   Code   RO         2979    i._ZN13geometry_msgs7Vector3C1Ev  ros_main.o
    0x08004420   0x08004420   0x00000184   Code   RO         2905    i._ZN14rosserial_msgs20RequestParamResponse11deserializeEPh  ros_main.o
    0x080045a4   0x080045a4   0x0000000c   Code   RO         3171    i._ZN14rosserial_msgs20RequestParamResponse6getMD5Ev  ros_main.o
    0x080045b0   0x080045b0   0x0000000c   Code   RO         3165    i._ZN14rosserial_msgs20RequestParamResponse7getTypeEv  ros_main.o
    0x080045bc   0x080045bc   0x0000000c   Code   RO         3247    i._ZN14rosserial_msgs3Log6getMD5Ev  ros_main.o
    0x080045c8   0x080045c8   0x0000000c   Code   RO         3241    i._ZN14rosserial_msgs3Log7getTypeEv  ros_main.o
    0x080045d4   0x080045d4   0x0000000c   Code   RO         3153    i._ZN14rosserial_msgs9TopicInfo6getMD5Ev  ros_main.o
    0x080045e0   0x080045e0   0x0000000c   Code   RO         3147    i._ZN14rosserial_msgs9TopicInfo7getTypeEv  ros_main.o
    0x080045ec   0x080045ec   0x00000024   Code   RO         2779    i._ZN3ros16normalizeSecNSecERjS0_  time.o
    0x08004610   0x08004610   0x00000070   Code   RO         2931    i._ZN3ros3Msg19serializeAvrFloat64EPhf  ros_main.o
    0x08004680   0x08004680   0x0000000c   Code   RO         3003    i._ZN3ros3MsgC2Ev   ros_main.o
    0x0800468c   0x0800468c   0x00000008   Code   RO         2997    i._ZN3ros4TimeC1Ev  ros_main.o
    0x08004694   0x08004694   0x00000014   Code   RO         2879    i._ZN3ros9Publisher7publishEPKNS_3MsgE  ros_main.o
    0x080046a8   0x080046a8   0x00000008   Code   RO         3012    i._ZN3ros9PublisherC1EPKcPNS_3MsgEi  ros_main.o
    0x080046b0   0x080046b0   0x0000005c   Code   RO         2911    i._ZN8std_msgs4Time11deserializeEPh  ros_main.o
    0x0800470c   0x0800470c   0x0000000c   Code   RO         3093    i._ZN8std_msgs4Time6getMD5Ev  ros_main.o
    0x08004718   0x08004718   0x0000000c   Code   RO         3087    i._ZN8std_msgs4Time7getTypeEv  ros_main.o
    0x08004724   0x08004724   0x00000020   Code   RO         2886    i._ZN8std_msgs4TimeC1Ev  ros_main.o
    0x08004744   0x08004744   0x0000000c   Code   RO         3129    i._ZN8std_msgs6Header6getMD5Ev  ros_main.o
    0x08004750   0x08004750   0x0000000c   Code   RO         3123    i._ZN8std_msgs6Header7getTypeEv  ros_main.o
    0x0800475c   0x0800475c   0x0000000c   Code   RO         3117    i._ZN8std_msgs6String6getMD5Ev  ros_main.o
    0x08004768   0x08004768   0x0000000c   Code   RO         3111    i._ZN8std_msgs6String7getTypeEv  ros_main.o
    0x08004774   0x08004774   0x0000001e   Code   RO         3489    i._ZN9USBSerial4readEv  usbserial.o
    0x08004792   0x08004792   0x0000000c   Code   RO         3490    i._ZN9USBSerial5beginEj  usbserial.o
    0x0800479e   0x0800479e   0x0000000a   Code   RO         3494    i._ZN9USBSerial9availableEv  usbserial.o
    0x080047a8   0x080047a8   0x0000001c   Code   RO         3495    i._ZN9USBSerialC1Ev  usbserial.o
    0x080047c4   0x080047c4   0x0000008c   Code   RO         3201    i._ZNK11sensor_msgs3Imu9serializeEPh  ros_main.o
    0x08004850   0x08004850   0x00000034   Code   RO         2967    i._ZNK13geometry_msgs10Quaternion9serializeEPh  ros_main.o
    0x08004884   0x08004884   0x0000002a   Code   RO         2985    i._ZNK13geometry_msgs7Vector39serializeEPh  ros_main.o
    0x080048ae   0x080048ae   0x00000100   Code   RO         3159    i._ZNK14rosserial_msgs20RequestParamResponse9serializeEPh  ros_main.o
    0x080049ae   0x080049ae   0x00000034   Code   RO         3229    i._ZNK14rosserial_msgs3Log9serializeEPh  ros_main.o
    0x080049e2   0x080049e2   0x0000009a   Code   RO         3135    i._ZNK14rosserial_msgs9TopicInfo9serializeEPh  ros_main.o
    0x08004a7c   0x08004a7c   0x00000044   Code   RO         3081    i._ZNK8std_msgs4Time9serializeEPh  ros_main.o
    0x08004ac0   0x08004ac0   0x00000088   Code   RO         2955    i._ZNK8std_msgs6Header9serializeEPh  ros_main.o
    0x08004b48   0x08004b48   0x0000002e   Code   RO         3099    i._ZNK8std_msgs6String9serializeEPh  ros_main.o
    0x08004b76   0x08004b76   0x00000002   PAD
    0x08004b78   0x08004b78   0x00000010   Code   RO         1741    i.__NVIC_GetPriorityGrouping  stm32f1xx_hal_cortex.o
    0x08004b88   0x08004b88   0x00000028   Code   RO         1742    i.__NVIC_SetPriority  stm32f1xx_hal_cortex.o
    0x08004bb0   0x08004bb0   0x00000006   Code   RO         3663    i.__cxa_pure_virtual  cpprt_w.l(pure_virt.o)
    0x08004bb6   0x08004bb6   0x00000002   PAD
    0x08004bb8   0x08004bb8   0x00000064   Code   RO         2816    i.__sti___12_ros_main_cpp_nh  ros_main.o
    0x08004c1c   0x08004c1c   0x00000010   Code   RO         3496    i.__sti___13_USBSerial_cpp_Serial0  usbserial.o
    0x08004c2c   0x08004c2c   0x0000003c   Code   RO         2817    i.loop              ros_main.o
    0x08004c68   0x08004c68   0x0000001c   Code   RO           15    i.main              main.o
    0x08004c84   0x08004c84   0x0000005c   Code   RO         2818    i.setup             ros_main.o
    0x08004ce0   0x08004ce0   0x00000018   Code   RO          573    i.vcp_available     usbd_cdc_if.o
    0x08004cf8   0x08004cf8   0x00000044   Code   RO          575    i.vcp_read          usbd_cdc_if.o
    0x08004d3c   0x08004d3c   0x0000013c   Code   RO         2917    t._ZN3ros11NodeHandle_I13STM32HardwareLi25ELi25ELi1024ELi1024EE15negotiateTopicsEv  ros_main.o
    0x08004e78   0x08004e78   0x00000024   Code   RO         2892    t._ZN3ros11NodeHandle_I13STM32HardwareLi25ELi25ELi1024ELi1024EE15requestSyncTimeEv  ros_main.o
    0x08004e9c   0x08004e9c   0x0000011c   Code   RO         3074    t._ZN3ros11NodeHandle_I13STM32HardwareLi25ELi25ELi1024ELi1024EE7publishEiPKNS_3MsgE  ros_main.o
    0x08004fb8   0x08004fb8   0x0000028c   Code   RO         2924    t._ZN3ros11NodeHandle_I13STM32HardwareLi25ELi25ELi1024ELi1024EE8spinOnceEv  ros_main.o
    0x08005244   0x08005244   0x000000a4   Code   RO         3006    t._ZN3ros11NodeHandle_I13STM32HardwareLi25ELi25ELi1024ELi1024EE8syncTimeEPh  ros_main.o
    0x080052e8   0x080052e8   0x000000cc   Code   RO         2949    t._ZN3ros11NodeHandle_I13STM32HardwareLi25ELi25ELi1024ELi1024EEC1Ev  ros_main.o
    0x080053b4   0x080053b4   0x00000020   Code   RO         2899    t._ZN3ros3Msg8arrToVarIjPhEEvRT_T0_  ros_main.o
    0x080053d4   0x080053d4   0x00000016   Code   RO         2943    t._ZN3ros3Msg8varToArrIPhjEEvT_T0_  ros_main.o
    0x080053ea   0x080053ea   0x00000018   Code   RO         3987    x$fpl$fcmpinf       fz_ws.l(fcmpi.o)
    0x08005402   0x08005402   0x00000002   PAD
    0x08005404   0x08005404   0x00000068   Code   RO         3790    x$fpl$fleqf         fz_ws.l(fleqf.o)
    0x0800546c   0x0800546c   0x0000008c   Code   RO         3989    x$fpl$fnaninf       fz_ws.l(fnaninf.o)
    0x080054f8   0x080054f8   0x00000000   Code   RO         3999    x$fpl$usenofp       fz_ws.l(usenofp.o)
    0x080054f8   0x080054f8   0x00000018   Data   RO         2292    .constdata          system_stm32f1xx.o
    0x08005510   0x08005510   0x0000001c   Data   RO         2824    .constdata          ros_main.o
    0x0800552c   0x0800552c   0x00000014   Data   RO         3561    .constdata__ZTV9USBSerial  usbserial.o
    0x08005540   0x08005540   0x00000018   Data   RO         3043    .constdata__ZTVN11sensor_msgs3ImuE  ros_main.o
    0x08005558   0x08005558   0x00000018   Data   RO         3039    .constdata__ZTVN13geometry_msgs10QuaternionE  ros_main.o
    0x08005570   0x08005570   0x00000018   Data   RO         3041    .constdata__ZTVN13geometry_msgs7Vector3E  ros_main.o
    0x08005588   0x08005588   0x00000018   Data   RO         3031    .constdata__ZTVN14rosserial_msgs20RequestParamResponseE  ros_main.o
    0x080055a0   0x080055a0   0x00000018   Data   RO         3226    .constdata__ZTVN14rosserial_msgs3LogE  ros_main.o
    0x080055b8   0x080055b8   0x00000018   Data   RO         3029    .constdata__ZTVN14rosserial_msgs9TopicInfoE  ros_main.o
    0x080055d0   0x080055d0   0x00000014   Data   RO         3045    .constdata__ZTVN3ros11NodeHandle_I13STM32HardwareLi25ELi25ELi1024ELi1024EEE  ros_main.o
    0x080055e4   0x080055e4   0x00000014   Data   RO         3033    .constdata__ZTVN3ros15NodeHandleBase_E  ros_main.o
    0x080055f8   0x080055f8   0x00000018   Data   RO         3025    .constdata__ZTVN3ros3MsgE  ros_main.o
    0x08005610   0x08005610   0x00000018   Data   RO         3027    .constdata__ZTVN8std_msgs4TimeE  ros_main.o
    0x08005628   0x08005628   0x00000018   Data   RO         3037    .constdata__ZTVN8std_msgs6HeaderE  ros_main.o
    0x08005640   0x08005640   0x00000018   Data   RO         3035    .constdata__ZTVN8std_msgs6StringE  ros_main.o
    0x08005658   0x08005658   0x00000021   Data   RO         2877    .constdata__ZZN11sensor_msgs3Imu6getMD5EvEs  ros_main.o
    0x08005679   0x08005679   0x00000010   Data   RO         2876    .constdata__ZZN11sensor_msgs3Imu7getTypeEvEs  ros_main.o
    0x08005689   0x08005689   0x00000021   Data   RO         2873    .constdata__ZZN13geometry_msgs10Quaternion6getMD5EvEs  ros_main.o
    0x080056aa   0x080056aa   0x00000019   Data   RO         2872    .constdata__ZZN13geometry_msgs10Quaternion7getTypeEvEs  ros_main.o
    0x080056c3   0x080056c3   0x00000021   Data   RO         2875    .constdata__ZZN13geometry_msgs7Vector36getMD5EvEs  ros_main.o
    0x080056e4   0x080056e4   0x00000016   Data   RO         2874    .constdata__ZZN13geometry_msgs7Vector37getTypeEvEs  ros_main.o
    0x080056fa   0x080056fa   0x00000021   Data   RO         2865    .constdata__ZZN14rosserial_msgs20RequestParamResponse6getMD5EvEs  ros_main.o
    0x0800571b   0x0800571b   0x00000021   Data   RO         2864    .constdata__ZZN14rosserial_msgs3Log6getMD5EvEs  ros_main.o
    0x0800573c   0x0800573c   0x00000013   Data   RO         2863    .constdata__ZZN14rosserial_msgs3Log7getTypeEvEs  ros_main.o
    0x0800574f   0x0800574f   0x00000001   Data   RO         2862    .constdata__ZZN14rosserial_msgs3LogC1EvEs  ros_main.o
    0x08005750   0x08005750   0x00000021   Data   RO         2861    .constdata__ZZN14rosserial_msgs9TopicInfo6getMD5EvEs  ros_main.o
    0x08005771   0x08005771   0x00000019   Data   RO         2860    .constdata__ZZN14rosserial_msgs9TopicInfo7getTypeEvEs  ros_main.o
    0x0800578a   0x0800578a   0x00000001   Data   RO         2859    .constdata__ZZN14rosserial_msgs9TopicInfoC1EvEs  ros_main.o
    0x0800578b   0x0800578b   0x00000039   Data   RO         2878    .constdata__ZZN3ros11NodeHandle_I13STM32HardwareLi25ELi25ELi1024ELi1024EE7publishEiPKNS_3MsgEEs  ros_main.o
    0x080057c4   0x080057c4   0x00000021   Data   RO         2858    .constdata__ZZN8std_msgs4Time6getMD5EvEs  ros_main.o
    0x080057e5   0x080057e5   0x0000000e   Data   RO         2857    .constdata__ZZN8std_msgs4Time7getTypeEvEs  ros_main.o
    0x080057f3   0x080057f3   0x00000021   Data   RO         2871    .constdata__ZZN8std_msgs6Header6getMD5EvEs  ros_main.o
    0x08005814   0x08005814   0x00000010   Data   RO         2870    .constdata__ZZN8std_msgs6Header7getTypeEvEs  ros_main.o
    0x08005824   0x08005824   0x00000001   Data   RO         2869    .constdata__ZZN8std_msgs6HeaderC1EvEs  ros_main.o
    0x08005825   0x08005825   0x00000021   Data   RO         2868    .constdata__ZZN8std_msgs6String6getMD5EvEs  ros_main.o
    0x08005846   0x08005846   0x00000010   Data   RO         2867    .constdata__ZZN8std_msgs6String7getTypeEvEs  ros_main.o
    0x08005856   0x08005856   0x00000001   Data   RO         2866    .constdata__ZZN8std_msgs6StringC1EvEs  ros_main.o
    0x08005857   0x08005857   0x00000001   PAD
    0x08005858   0x08005858   0x00000020   Data   RO         4219    Region$$Table       anon$$obj.o
    0x08005878   0x08005878   0x00000004   Data   RO         2826    .init_array         ros_main.o
    0x0800587c   0x08005878   0x00000004   Data   RO         3508    .init_array         usbserial.o
    0x08005880   0x08005878   0x00000000   Data   RO         3658    .init_array         c_w.l(init_aeabi.o)


    Execution Region RW_IRAM1 (Exec base: 0x20000000, Load base: 0x08005880, Size: 0x00003690, Max: 0x00005000, ABSOLUTE, COMPRESSED[0x000000dc])

    Exec Addr    Load Addr    Size         Type   Attr      Idx    E Section Name        Object

    0x20000000   COMPRESSED   0x0000004e   Data   RW          488    .data               usbd_desc.o
    0x2000004e   COMPRESSED   0x00000002   PAD
    0x20000050   COMPRESSED   0x00000020   Data   RW          578    .data               usbd_cdc_if.o
    0x20000070   COMPRESSED   0x00000009   Data   RW         1273    .data               stm32f1xx_hal.o
    0x20000079   COMPRESSED   0x00000003   PAD
    0x2000007c   COMPRESSED   0x00000004   Data   RW         2293    .data               system_stm32f1xx.o
    0x20000080   COMPRESSED   0x00000001   Data   RW         2483    .data               usbd_ctlreq.o
    0x20000081   COMPRESSED   0x00000003   PAD
    0x20000084   COMPRESSED   0x0000010f   Data   RW         2647    .data               usbd_cdc.o
    0x20000193   COMPRESSED   0x00000001   PAD
    0x20000194   COMPRESSED   0x00000026   Data   RW         2825    .data               ros_main.o
    0x200001ba   COMPRESSED   0x00000002   PAD
    0x200001bc        -       0x000002c4   Zero   RW          211    .bss                usb_device.o
    0x20000480        -       0x0000048c   Zero   RW          294    .bss                usbd_conf.o
    0x2000090c        -       0x00000200   Zero   RW          487    .bss                usbd_desc.o
    0x20000b0c        -       0x000010cf   Zero   RW          577    .bss                usbd_cdc_if.o
    0x20001bdb   COMPRESSED   0x00000001   PAD
    0x20001bdc        -       0x00000a38   Zero   RW         2823    .bss                ros_main.o
    0x20002614        -       0x00000018   Zero   RW         3507    .bss                usbserial.o
    0x2000262c        -       0x00000060   Zero   RW         4001    .bss                c_w.l(libspace.o)
    0x2000268c   COMPRESSED   0x00000004   PAD
    0x20002690        -       0x00000800   Zero   RW            2    HEAP                startup_stm32f103xb.o
    0x20002e90        -       0x00000800   Zero   RW            1    STACK               startup_stm32f103xb.o


==============================================================================

Image component sizes


      Code (inc. data)   RO Data    RW Data    ZI Data      Debug   Object Name

         0          0          0          0          0       4312   duration.o
       140          8          0          0          0        963   gpio.o
       162          0          0          0          0     397812   main.o
      3984        264        823         38       2616      52806   ros_main.o
        64         26        236          0       4096        796   startup_stm32f103xb.o
       192         36          0          9          0       5881   stm32f1xx_hal.o
       304         22          0          0          0      29303   stm32f1xx_hal_cortex.o
       826         34          0          0          0       3321   stm32f1xx_hal_gpio.o
        84          8          0          0          0        954   stm32f1xx_hal_msp.o
      2358          0          0          0          0      10353   stm32f1xx_hal_pcd.o
        60          0          0          0          0       1266   stm32f1xx_hal_pcd_ex.o
      1708         84          0          0          0       4428   stm32f1xx_hal_rcc.o
       304         14          0          0          0       1488   stm32f1xx_hal_rcc_ex.o
        48          6          0          0          0       4135   stm32f1xx_it.o
      3492          0          0          0          0      16635   stm32f1xx_ll_usb.o
        88         18         24          4          0       1239   system_stm32f1xx.o
        36          6          0          0          0        820   time.o
        76         16          0          0        708       2431   usb_device.o
       958         24          0        271          0      12822   usbd_cdc.o
       344         56          0         32       4303       5855   usbd_cdc_if.o
       826         30          0          0       1164      13853   usbd_conf.o
       850          0          0          0          0       9807   usbd_core.o
      2106         28          0          1          0      10556   usbd_ctlreq.o
       370        106          0         78        512       6265   usbd_desc.o
       174          0          0          0          0       4544   usbd_ioreq.o
        96         12         24          0         24       2858   usbserial.o

    ----------------------------------------------------------------------
     19666        798       1140        444      13424     605503   Object Totals
         0          0         32          0          0          0   (incl. Generated)
        16          0          1         11          1          0   (incl. Padding)

    ----------------------------------------------------------------------

      Code (inc. data)   RO Data    RW Data    ZI Data      Debug   Library Member Name

        90          0          0          0          0          0   __dczerorl2.o
         8          0          0          0          0         68   __main.o
         0          0          0          0          0          0   __rtentry.o
        12          0          0          0          0          0   __rtentry2.o
         6          0          0          0          0          0   __rtentry4.o
        52          8          0          0          0          0   __scatter.o
        28          0          0          0          0          0   __scatter_zi.o
        10          0          0          0          0         68   defsig_exit.o
        50          0          0          0          0         88   defsig_general.o
        48         34          0          0          0         76   defsig_pvfn_inner.o
        14          0          0          0          0         80   defsig_pvfn_outer.o
        80         58          0          0          0         76   defsig_rtmem_inner.o
        14          0          0          0          0         80   defsig_rtmem_outer.o
        18          0          0          0          0         80   exit.o
        94          0          0          0          0         80   h1_alloc.o
        52          0          0          0          0         68   h1_extend.o
        78          0          0          0          0         80   h1_free.o
        14          0          0          0          0         84   h1_init.o
       184          0          0          0          0         92   h1_realloc.o
         6          0          0          0          0        152   heapauxi.o
         4          0          0          0          0        136   hguard.o
         0          0          0          0          0          0   indicate_semi.o
        36         10          0          0          0         80   init_aeabi.o
       138          0          0          0          0        168   init_alloc.o
         2          0          0          0          0          0   libinit.o
        14          0          0          0          0          0   libinit2.o
         2          0          0          0          0          0   libshutdown.o
         2          0          0          0          0          0   libshutdown2.o
         8          4          0          0         96         68   libspace.o
         0          0          0          0          0          0   maybetermalloc1.o
         8          4          0          0          0         68   rt_heap_descriptor_intlibspace.o
        78          0          0          0          0         80   rt_memclr_w.o
       138          0          0          0          0         68   rt_memcpy_v6.o
       100          0          0          0          0         80   rt_memcpy_w.o
         2          0          0          0          0          0   rtexit.o
        10          0          0          0          0          0   rtexit2.o
        62          0          0          0          0         76   strlen.o
        12          4          0          0          0         68   sys_exit.o
        74          0          0          0          0         80   sys_stackheap_outer.o
        14          0          0          0          0         76   sys_wrch.o
         2          0          0          0          0         68   use_no_semi.o
         6          0          0          0          0         68   pure_virt.o
        24          0          0          0          0         68   fcmpi.o
       104          4          0          0          0         84   fleqf.o
       140          4          0          0          0         84   fnaninf.o
         0          0          0          0          0          0   usenofp.o

    ----------------------------------------------------------------------
      1850        130          0          0        100       2592   Library Totals
        12          0          0          0          4          0   (incl. Padding)

    ----------------------------------------------------------------------

      Code (inc. data)   RO Data    RW Data    ZI Data      Debug   Library Name

      1564        122          0          0         96       2288   c_w.l
         6          0          0          0          0         68   cpprt_w.l
       268          8          0          0          0        236   fz_ws.l

    ----------------------------------------------------------------------
      1850        130          0          0        100       2592   Library Totals

    ----------------------------------------------------------------------

==============================================================================


      Code (inc. data)   RO Data    RW Data    ZI Data      Debug   

     21516        928       1140        444      13524     596131   Grand Totals
     21516        928       1140        220      13524     596131   ELF Image Totals (compressed)
     21516        928       1140        220          0          0   ROM Totals

==============================================================================

    Total RO  Size (Code + RO Data)                22656 (  22.13kB)
    Total RW  Size (RW Data + ZI Data)             13968 (  13.64kB)
    Total ROM Size (Code + RO Data + RW Data)      22876 (  22.34kB)

==============================================================================

